Archive member included to satisfy reference by file (symbol)

../src/ASF/thirdparty/wireless/services/common_hw_timer/mega/lib\libmegarfr2_lib_hw_timer.a(common_hw_timer.o)
                              src/ASF/thirdparty/wireless/avr2025_mac/source/pal/common_sw_timer/common_sw_timer.o (common_tc_read_count)
c:/program files (x86)/atmel/studio/7.0/toolchain/avr8/avr8-gnu-toolchain/bin/../lib/gcc/avr/5.4.0/../../../../avr/lib/avr6\libm.a(addsf3.o)
                              src/ASF/thirdparty/wireless/avr2025_mac/source/tal/src/tal_helper.o (__subsf3)
c:/program files (x86)/atmel/studio/7.0/toolchain/avr8/avr8-gnu-toolchain/bin/../lib/gcc/avr/5.4.0/../../../../avr/lib/avr6\libm.a(addsf3x.o)
                              c:/program files (x86)/atmel/studio/7.0/toolchain/avr8/avr8-gnu-toolchain/bin/../lib/gcc/avr/5.4.0/../../../../avr/lib/avr6\libm.a(addsf3.o) (__addsf3x)
c:/program files (x86)/atmel/studio/7.0/toolchain/avr8/avr8-gnu-toolchain/bin/../lib/gcc/avr/5.4.0/../../../../avr/lib/avr6\libm.a(cmpsf2.o)
                              src/ASF/thirdparty/wireless/avr2025_mac/source/tal/src/tal_helper.o (__ltsf2)
c:/program files (x86)/atmel/studio/7.0/toolchain/avr8/avr8-gnu-toolchain/bin/../lib/gcc/avr/5.4.0/../../../../avr/lib/avr6\libm.a(fixsfsi.o)
                              src/ASF/thirdparty/wireless/avr2025_mac/source/tal/src/tal_helper.o (__fixsfsi)
c:/program files (x86)/atmel/studio/7.0/toolchain/avr8/avr8-gnu-toolchain/bin/../lib/gcc/avr/5.4.0/../../../../avr/lib/avr6\libm.a(fixunssfsi.o)
                              src/ASF/thirdparty/wireless/avr2025_mac/source/tal/src/tal_helper.o (__fixunssfsi)
c:/program files (x86)/atmel/studio/7.0/toolchain/avr8/avr8-gnu-toolchain/bin/../lib/gcc/avr/5.4.0/../../../../avr/lib/avr6\libm.a(floatsisf.o)
                              src/ASF/thirdparty/wireless/avr2025_mac/source/tfa/atmegarfr2/src/tfa.o (__floatunsisf)
c:/program files (x86)/atmel/studio/7.0/toolchain/avr8/avr8-gnu-toolchain/bin/../lib/gcc/avr/5.4.0/../../../../avr/lib/avr6\libm.a(fp_cmp.o)
                              c:/program files (x86)/atmel/studio/7.0/toolchain/avr8/avr8-gnu-toolchain/bin/../lib/gcc/avr/5.4.0/../../../../avr/lib/avr6\libm.a(cmpsf2.o) (__fp_cmp)
c:/program files (x86)/atmel/studio/7.0/toolchain/avr8/avr8-gnu-toolchain/bin/../lib/gcc/avr/5.4.0/../../../../avr/lib/avr6\libm.a(fp_inf.o)
                              c:/program files (x86)/atmel/studio/7.0/toolchain/avr8/avr8-gnu-toolchain/bin/../lib/gcc/avr/5.4.0/../../../../avr/lib/avr6\libm.a(addsf3x.o) (__fp_inf)
c:/program files (x86)/atmel/studio/7.0/toolchain/avr8/avr8-gnu-toolchain/bin/../lib/gcc/avr/5.4.0/../../../../avr/lib/avr6\libm.a(fp_nan.o)
                              c:/program files (x86)/atmel/studio/7.0/toolchain/avr8/avr8-gnu-toolchain/bin/../lib/gcc/avr/5.4.0/../../../../avr/lib/avr6\libm.a(addsf3x.o) (__fp_nan)
c:/program files (x86)/atmel/studio/7.0/toolchain/avr8/avr8-gnu-toolchain/bin/../lib/gcc/avr/5.4.0/../../../../avr/lib/avr6\libm.a(fp_pscA.o)
                              c:/program files (x86)/atmel/studio/7.0/toolchain/avr8/avr8-gnu-toolchain/bin/../lib/gcc/avr/5.4.0/../../../../avr/lib/avr6\libm.a(addsf3x.o) (__fp_pscA)
c:/program files (x86)/atmel/studio/7.0/toolchain/avr8/avr8-gnu-toolchain/bin/../lib/gcc/avr/5.4.0/../../../../avr/lib/avr6\libm.a(fp_pscB.o)
                              c:/program files (x86)/atmel/studio/7.0/toolchain/avr8/avr8-gnu-toolchain/bin/../lib/gcc/avr/5.4.0/../../../../avr/lib/avr6\libm.a(addsf3x.o) (__fp_pscB)
c:/program files (x86)/atmel/studio/7.0/toolchain/avr8/avr8-gnu-toolchain/bin/../lib/gcc/avr/5.4.0/../../../../avr/lib/avr6\libm.a(fp_round.o)
                              c:/program files (x86)/atmel/studio/7.0/toolchain/avr8/avr8-gnu-toolchain/bin/../lib/gcc/avr/5.4.0/../../../../avr/lib/avr6\libm.a(addsf3.o) (__fp_round)
c:/program files (x86)/atmel/studio/7.0/toolchain/avr8/avr8-gnu-toolchain/bin/../lib/gcc/avr/5.4.0/../../../../avr/lib/avr6\libm.a(fp_split3.o)
                              c:/program files (x86)/atmel/studio/7.0/toolchain/avr8/avr8-gnu-toolchain/bin/../lib/gcc/avr/5.4.0/../../../../avr/lib/avr6\libm.a(addsf3x.o) (__fp_split3)
c:/program files (x86)/atmel/studio/7.0/toolchain/avr8/avr8-gnu-toolchain/bin/../lib/gcc/avr/5.4.0/../../../../avr/lib/avr6\libm.a(fp_zero.o)
                              c:/program files (x86)/atmel/studio/7.0/toolchain/avr8/avr8-gnu-toolchain/bin/../lib/gcc/avr/5.4.0/../../../../avr/lib/avr6\libm.a(addsf3x.o) (__fp_zero)
c:/program files (x86)/atmel/studio/7.0/toolchain/avr8/avr8-gnu-toolchain/bin/../lib/gcc/avr/5.4.0/../../../../avr/lib/avr6\libm.a(gesf2.o)
                              src/ASF/thirdparty/wireless/avr2025_mac/source/tal/src/tal_helper.o (__gtsf2)
c:/program files (x86)/atmel/studio/7.0/toolchain/avr8/avr8-gnu-toolchain/bin/../lib/gcc/avr/5.4.0/../../../../avr/lib/avr6\libm.a(mulsf3.o)
[...]
Memory Configuration

Name             Origin             Length             Attributes
text             0x00000000         0x00040000         xr
data             0x00800200         0x00008000         rw !x
eeprom           0x00810000         0x00002000         rw !x
fuse             0x00820000         0x00000003         rw !x
lock             0x00830000         0x00000400         rw !x
signature        0x00840000         0x00000400         rw !x
user_signatures  0x00850000         0x00000400         rw !x
*default*        0x00000000         0xffffffff

Linker script and memory map

Address of section .data set to 0x800200
LOAD C:/Program Files (x86)/Atmel/Studio/7.0/Packs/atmel/ATmega_DFP/1.7.374/gcc/dev/atmega256rfr2/avr6/crtatmega256rfr2.o
LOAD src/ASF/common/services/serial/usart_serial.o
LOAD src/ASF/common/utils/stdio/read.o
LOAD src/ASF/common/utils/stdio/write.o
LOAD src/ASF/mega/drivers/usart/usart_megarf.o
LOAD src/ASF/thirdparty/wireless/addons/sio2host/uart/sio2host.o
LOAD src/usr_wireless.o
LOAD src/Wireless/usart_serial.o
LOAD src/Wireless/wireless_api.o
LOAD src/ASF/common/boards/user_board/init.o
LOAD src/ASF/common/services/clock/mega/sysclk.o
LOAD src/ASF/thirdparty/wireless/avr2025_mac/source/pal/common_sw_timer/common_sw_timer.o
LOAD src/ASF/thirdparty/wireless/avr2025_mac/source/pal/pal.o
LOAD src/ASF/thirdparty/wireless/avr2025_mac/source/resources/buffer/src/bmm.o
LOAD src/ASF/thirdparty/wireless/avr2025_mac/source/resources/queue/src/qmm.o
LOAD src/ASF/thirdparty/wireless/avr2025_mac/source/tal/atmegarfr2/src/tal.o
LOAD src/ASF/thirdparty/wireless/avr2025_mac/source/tal/atmegarfr2/src/tal_ed.o
LOAD src/ASF/thirdparty/wireless/avr2025_mac/source/tal/atmegarfr2/src/tal_init.o
LOAD src/ASF/thirdparty/wireless/avr2025_mac/source/tal/atmegarfr2/src/tal_irq_handler.o
LOAD src/ASF/thirdparty/wireless/avr2025_mac/source/tal/atmegarfr2/src/tal_pib.o
LOAD src/ASF/thirdparty/wireless/avr2025_mac/source/tal/atmegarfr2/src/tal_pwr_mgmt.o
LOAD src/ASF/thirdparty/wireless/avr2025_mac/source/tal/atmegarfr2/src/tal_rx.o
LOAD src/ASF/thirdparty/wireless/avr2025_mac/source/tal/atmegarfr2/src/tal_rx_enable.o
LOAD src/ASF/thirdparty/wireless/avr2025_mac/source/tal/atmegarfr2/src/tal_slotted_csma.o
LOAD src/ASF/thirdparty/wireless/avr2025_mac/source/tal/atmegarfr2/src/tal_tx.o
LOAD src/ASF/thirdparty/wireless/avr2025_mac/source/tal/src/tal_helper.o
LOAD src/ASF/thirdparty/wireless/avr2025_mac/source/tfa/atmegarfr2/src/tfa.o
LOAD src/ASF/thirdparty/wireless/services/common_hw_timer/mega/hw_timer.o
LOAD src/ASF/thirdparty/wireless/services/mega/drivers/tc/tc_megarf.o
LOAD src/main.o
START GROUP
LOAD ../src/ASF/thirdparty/wireless/services/common_hw_timer/mega/lib\libmegarfr2_lib_hw_timer.a
LOAD c:/program files (x86)/atmel/studio/7.0/toolchain/avr8/avr8-gnu-toolchain/bin/../lib/gcc/avr/5.4.0/../../../../avr/lib/avr6\libm.a
END GROUP
START GROUP
LOAD c:/program files (x86)/atmel/studio/7.0/toolchain/avr8/avr8-gnu-toolchain/bin/../lib/gcc/avr/5.4.0/avr6\libgcc.a
LOAD c:/program files (x86)/atmel/studio/7.0/toolchain/avr8/avr8-gnu-toolchain/bin/../lib/gcc/avr/5.4.0/../../../../avr/lib/avr6\libm.a
LOAD c:/program files (x86)/atmel/studio/7.0/toolchain/avr8/avr8-gnu-toolchain/bin/../lib/gcc/avr/5.4.0/../../../../avr/lib/avr6\libc.a
LOAD C:/Program Files (x86)/Atmel/Studio/7.0/Packs/atmel/ATmega_DFP/1.7.374/gcc/dev/atmega256rfr2/avr6\libatmega256rfr2.a
END GROUP
                [0x00000000]                __TEXT_REGION_ORIGIN__ = DEFINED (__TEXT_REGION_ORIGIN__)?__TEXT_REGION_ORIGIN__:0x0
                [0x00800200]                __DATA_REGION_ORIGIN__ = DEFINED (__DATA_REGION_ORIGIN__)?__DATA_REGION_ORIGIN__:0x800200
                [0x00040000]                __TEXT_REGION_LENGTH__ = DEFINED (__TEXT_REGION_LENGTH__)?__TEXT_REGION_LENGTH__:0x100000
                [0x00008000]                __DATA_REGION_LENGTH__ = DEFINED (__DATA_REGION_LENGTH__)?__DATA_REGION_LENGTH__:0xfe00
                [0x00002000]                __EEPROM_REGION_LENGTH__ = DEFINED (__EEPROM_REGION_LENGTH__)?__EEPROM_REGION_LENGTH__:0x10000
                [0x00000003]                __FUSE_REGION_LENGTH__ = DEFINED (__FUSE_REGION_LENGTH__)?__FUSE_REGION_LENGTH__:0x400
                0x00000400                __LOCK_REGION_LENGTH__ = DEFINED (__LOCK_REGION_LENGTH__)?__LOCK_REGION_LENGTH__:0x400
                0x00000400                __SIGNATURE_REGION_LENGTH__ = DEFINED (__SIGNATURE_REGION_LENGTH__)?__SIGNATURE_REGION_LENGTH__:0x400
                0x00000400                __USER_SIGNATURE_REGION_LENGTH__ = DEFINED (__USER_SIGNATURE_REGION_LENGTH__)?__USER_SIGNATURE_REGION_LENGTH__:0x400

.hash
 *(.hash)

.dynsym
 *(.dynsym)

.dynstr
 *(.dynstr)

.gnu.version
 *(.gnu.version)

.gnu.version_d
 *(.gnu.version_d)

.gnu.version_r
 *(.gnu.version_r)

.rel.init
 *(.rel.init)

.rela.init
 *(.rela.init)

.rel.text
 *(.rel.text)
 *(.rel.text.*)
 *(.rel.gnu.linkonce.t*)

.rela.text
 *(.rela.text)
 *(.rela.text.*)
 *(.rela.gnu.linkonce.t*)

.rel.fini
 *(.rel.fini)

.rela.fini
 *(.rela.fini)

.rel.rodata
 *(.rel.rodata)
 *(.rel.rodata.*)
 *(.rel.gnu.linkonce.r*)

.rela.rodata
 *(.rela.rodata)
 *(.rela.rodata.*)
 *(.rela.gnu.linkonce.r*)

.rel.data
 *(.rel.data)
 *(.rel.data.*)
 *(.rel.gnu.linkonce.d*)

.rela.data
 *(.rela.data)
 *(.rela.data.*)
 *(.rela.gnu.linkonce.d*)

.rel.ctors
 *(.rel.ctors)

.rela.ctors
 *(.rela.ctors)

.rel.dtors
 *(.rel.dtors)

.rela.dtors
 *(.rela.dtors)

.rel.got
 *(.rel.got)

.rela.got
 *(.rela.got)

.rel.bss
 *(.rel.bss)

.rela.bss
 *(.rela.bss)

.rel.plt
 *(.rel.plt)

.rela.plt
 *(.rela.plt)

.text           0x00000000     0x31f8
 *(.vectors)
 .vectors       0x00000000      0x134 C:/Program Files (x86)/Atmel/Studio/7.0/Packs/atmel/ATmega_DFP/1.7.374/gcc/dev/atmega256rfr2/avr6/crtatmega256rfr2.o
                0x00000000                __vector_default
                0x00000000                __vectors
 *(.vectors)
 *(.progmem.gcc*)
 .progmem.gcc_sw_table.set_trx_state
                0x00000134       0x2e src/ASF/thirdparty/wireless/avr2025_mac/source/tal/atmegarfr2/src/tal.o
                0x00000162                . = ALIGN (0x2)
                0x00000162                __trampolines_start = .
 *(.trampolines)
 .trampolines   0x00000162        0x0 linker stubs
 *(.trampolines*)
                0x00000162                __trampolines_end = .
 *libprintf_flt.a:*(.progmem.data)
 *libc.a:*(.progmem.data)
 *(.progmem*)
 .progmem.data.tx_pwr_table
                0x00000162       0x10 src/ASF/thirdparty/wireless/avr2025_mac/source/tal/atmegarfr2/src/tal_pib.o
                0x00000162                tx_pwr_table
                0x00000172                . = ALIGN (0x2)
 *(.jumptables)
 *(.jumptables*)
 *(.lowtext)
 *(.lowtext*)
                0x00000172                __ctors_start = .
 *(.ctors)
                0x00000172                __ctors_end = .
                0x00000172                __dtors_start = .
 *(.dtors)
                0x00000172                __dtors_end = .
 SORT(*)(.ctors)
 SORT(*)(.dtors)
 *(.init0)
 .init0         0x00000172        0x0 C:/Program Files (x86)/Atmel/Studio/7.0/Packs/atmel/ATmega_DFP/1.7.374/gcc/dev/atmega256rfr2/avr6/crtatmega256rfr2.o
                0x00000172                __init
 *(.init0)
 *(.init1)
 *(.init1)
 *(.init2)
 .init2         0x00000172       0x10 C:/Program Files (x86)/Atmel/Studio/7.0/Packs/atmel/ATmega_DFP/1.7.374/gcc/dev/atmega256rfr2/avr6/crtatmega256rfr2.o
 *(.init2)
 *(.init3)
 *(.init3)
 *(.init4)
 .init4         0x00000182       0x1a c:/program files (x86)/atmel/studio/7.0/toolchain/avr8/avr8-gnu-toolchain/bin/../lib/gcc/avr/5.4.0/avr6\libgcc.a(_copy_data.o)
                0x00000182                __do_copy_data
 .init4         0x0000019c       0x10 c:/program files (x86)/atmel/studio/7.0/toolchain/avr8/avr8-gnu-toolchain/bin/../lib/gcc/avr/5.4.0/avr6\libgcc.a(_clear_bss.o)
                0x0000019c                __do_clear_bss
 *(.init4)
 *(.init5)
 *(.init5)
 *(.init6)
 *(.init6)
 *(.init7)
 *(.init7)
 *(.init8)
 *(.init8)
 *(.init9)
 .init9         0x000001ac        0x8 C:/Program Files (x86)/Atmel/Studio/7.0/Packs/atmel/ATmega_DFP/1.7.374/gcc/dev/atmega256rfr2/avr6/crtatmega256rfr2.o
 *(.init9)
 *(.text)
 .text          0x000001b4        0x2 C:/Program Files (x86)/Atmel/Studio/7.0/Packs/atmel/ATmega_DFP/1.7.374/gcc/dev/atmega256rfr2/avr6/crtatmega256rfr2.o
                0x000001b4                __vector_38
                0x000001b4                __vector_22
                0x000001b4                __vector_28
                0x000001b4                __vector_67
                0x000001b4                __vector_1
                0x000001b4                __vector_24
                0x000001b4                __vector_12
                0x000001b4                __vector_55
                0x000001b4                __vector_69
                0x000001b4                __vector_46
                0x000001b4                __bad_interrupt
                0x000001b4                __vector_6
                0x000001b4                __vector_31
                0x000001b4                __vector_39
                0x000001b4                __vector_3
                0x000001b4                __vector_23
                0x000001b4                __vector_68
                0x000001b4                __vector_30
                0x000001b4                __vector_25
                0x000001b4                __vector_11
                0x000001b4                __vector_54
                0x000001b4                __vector_13
                0x000001b4                __vector_56
                0x000001b4                __vector_7
                0x000001b4                __vector_41
                0x000001b4                __vector_27
                0x000001b4                __vector_5
                0x000001b4                __vector_52
                0x000001b4                __vector_37
                0x000001b4                __vector_4
                0x000001b4                __vector_51
                0x000001b4                __vector_9
                0x000001b4                __vector_2
                0x000001b4                __vector_21
                0x000001b4                __vector_15
                0x000001b4                __vector_66
                0x000001b4                __vector_29
                0x000001b4                __vector_40
                0x000001b4                __vector_8
                0x000001b4                __vector_26
                0x000001b4                __vector_14
                0x000001b4                __vector_53
                0x000001b4                __vector_10
                0x000001b4                __vector_16
                0x000001b4                __vector_65
 .text          0x000001b6      0x216 ../src/ASF/thirdparty/wireless/services/common_hw_timer/mega/lib\libmegarfr2_lib_hw_timer.a(common_hw_timer.o)
                0x000001b6                common_tc_read_count
                0x00000206                common_tc_compare_stop
                0x0000022a                common_tc_overflow_stop
                0x00000234                common_tc_stop
                0x0000023c                common_tc_delay
                0x00000326                common_tc_init
                0x00000334                tmr_ovf_callback
                0x000003a4                tmr_cca_callback
                0x000003b8                set_common_tc_overflow_callback
                0x000003c2                set_common_tc_expiry_callback
                0x000003cc                . = ALIGN (0x2)
 *(.text.*)
 .text.usart_serial_write_packet
                0x000003cc       0x34 src/ASF/common/services/serial/usart_serial.o
                0x000003cc                usart_serial_write_packet
 .text.usart_serial_read_packet
                0x00000400       0x34 src/ASF/common/services/serial/usart_serial.o
                0x00000400                usart_serial_read_packet
 .text._read    0x00000434       0x32 src/ASF/common/utils/stdio/read.o
                0x00000434                _read
 .text._write   0x00000466       0x24 src/ASF/common/utils/stdio/write.o
                0x00000466                _write
 .text.usart_putchar
                0x0000048a        0xe src/ASF/mega/drivers/usart/usart_megarf.o
                0x0000048a                usart_putchar
 .text.usart_getchar
                0x00000498        0xc src/ASF/mega/drivers/usart/usart_megarf.o
                0x00000498                usart_getchar
 .text.usart_set_baudrate
                0x000004a4      0x116 src/ASF/mega/drivers/usart/usart_megarf.o
                0x000004a4                usart_set_baudrate
 .text.usart_init_rs232
                0x000005ba       0x92 src/ASF/mega/drivers/usart/usart_megarf.o
                0x000005ba                usart_init_rs232
 .text.usart_serial_getchar
                0x0000064c       0x10 src/ASF/thirdparty/wireless/addons/sio2host/uart/sio2host.o
 .text.usart_serial_putchar
                0x0000065c        0x4 src/ASF/thirdparty/wireless/addons/sio2host/uart/sio2host.o
 .text.sio2host_init
                0x00000660       0x92 src/ASF/thirdparty/wireless/addons/sio2host/uart/sio2host.o
                0x00000660                sio2host_init
 .text.sio2host_tx
                0x000006f2       0x2e src/ASF/thirdparty/wireless/addons/sio2host/uart/sio2host.o
                0x000006f2                sio2host_tx
 .text.sio2host_rx
                0x00000720       0x7e src/ASF/thirdparty/wireless/addons/sio2host/uart/sio2host.o
                0x00000720                sio2host_rx
 .text.sio2host_getchar_nowait
                0x0000079e       0x28 src/ASF/thirdparty/wireless/addons/sio2host/uart/sio2host.o
                0x0000079e                sio2host_getchar_nowait
 .text.__vector_36
                0x000007c6       0x90 src/ASF/thirdparty/wireless/addons/sio2host/uart/sio2host.o
                0x000007c6                __vector_36
 .text.usr_wireless_app_task
                0x00000856      0x134 src/usr_wireless.o
                0x00000856                usr_wireless_app_task
 .text.usr_frame_received_cb
                0x0000098a       0xac src/usr_wireless.o
                0x0000098a                usr_frame_received_cb
 .text.usr_frame_transmitted_cb
                0x00000a36        0x2 src/usr_wireless.o
                0x00000a36                usr_frame_transmitted_cb
 .text.transmit_frame
                0x00000a38      0x144 src/Wireless/wireless_api.o
                0x00000a38                transmit_frame
 .text.transmit_sample_frame
                0x00000b7c       0x66 src/Wireless/wireless_api.o
                0x00000b7c                transmit_sample_frame
 .text.init_data_reception
                0x00000be2        0x8 src/Wireless/wireless_api.o
                0x00000be2                init_data_reception
 .text.wireless_init
                0x00000bea       0x7c src/Wireless/wireless_api.o
                0x00000bea                wireless_init
 .text.board_init
                0x00000c66       0x18 src/ASF/common/boards/user_board/init.o
                0x00000c66                board_init
 .text.modules_init
                0x00000c7e        0x4 src/ASF/common/boards/user_board/init.o
                0x00000c7e                modules_init
 .text.sysclk_init
                0x00000c82       0x36 src/ASF/common/services/clock/mega/sysclk.o
                0x00000c82                sysclk_init
 .text.sysclk_enable_module
                0x00000cb8       0x30 src/ASF/common/services/clock/mega/sysclk.o
                0x00000cb8                sysclk_enable_module
 .text.sysclk_disable_module
                0x00000ce8       0x2e src/ASF/common/services/clock/mega/sysclk.o
                0x00000ce8                sysclk_disable_module
 .text.hw_expiry_cb
                0x00000d16       0x10 src/ASF/thirdparty/wireless/avr2025_mac/source/pal/common_sw_timer/common_sw_timer.o
                0x00000d16                hw_expiry_cb
 .text.hw_overflow_cb
                0x00000d26       0xb4 src/ASF/thirdparty/wireless/avr2025_mac/source/pal/common_sw_timer/common_sw_timer.o
                0x00000d26                hw_overflow_cb
 .text.load_hw_timer
                0x00000dda       0xdc src/ASF/thirdparty/wireless/avr2025_mac/source/pal/common_sw_timer/common_sw_timer.o
 .text.internal_timer_handler
                0x00000eb6       0xba src/ASF/thirdparty/wireless/avr2025_mac/source/pal/common_sw_timer/common_sw_timer.o
 .text.sw_timer_init
                0x00000f70       0x48 src/ASF/thirdparty/wireless/avr2025_mac/source/pal/common_sw_timer/common_sw_timer.o
                0x00000f70                sw_timer_init
 .text.sw_timer_service
                0x00000fb8       0xa6 src/ASF/thirdparty/wireless/avr2025_mac/source/pal/common_sw_timer/common_sw_timer.o
                0x00000fb8                sw_timer_service
 .text.pal_init
                0x0000105e        0x4 src/ASF/thirdparty/wireless/avr2025_mac/source/pal/pal.o
                0x0000105e                pal_init
 .text.pal_task
                0x00001062        0x4 src/ASF/thirdparty/wireless/avr2025_mac/source/pal/pal.o
                0x00001062                pal_task
 .text.bmm_buffer_init
                0x00001066       0x48 src/ASF/thirdparty/wireless/avr2025_mac/source/resources/buffer/src/bmm.o
                0x00001066                bmm_buffer_init
 .text.bmm_buffer_alloc
                0x000010ae        0xc src/ASF/thirdparty/wireless/avr2025_mac/source/resources/buffer/src/bmm.o
                0x000010ae                bmm_buffer_alloc
 .text.bmm_buffer_free
                0x000010ba        0xe src/ASF/thirdparty/wireless/avr2025_mac/source/resources/buffer/src/bmm.o
                0x000010ba                bmm_buffer_free
 .text.queue_read_or_remove
                0x000010c8      0x108 src/ASF/thirdparty/wireless/avr2025_mac/source/resources/queue/src/qmm.o
 .text.qmm_queue_init
                0x000011d0        0xe src/ASF/thirdparty/wireless/avr2025_mac/source/resources/queue/src/qmm.o
                0x000011d0                qmm_queue_init
 .text.qmm_queue_append
                0x000011de       0x4a src/ASF/thirdparty/wireless/avr2025_mac/source/resources/queue/src/qmm.o
                0x000011de                qmm_queue_append
 .text.qmm_queue_remove
                0x00001228        0x8 src/ASF/thirdparty/wireless/avr2025_mac/source/resources/queue/src/qmm.o
                0x00001228                qmm_queue_remove
 .text.__portable_avr_delay_cycles
                0x00001230       0x16 src/ASF/thirdparty/wireless/avr2025_mac/source/tal/atmegarfr2/src/tal.o
 .text.switch_pll_on
                0x00001246       0x40 src/ASF/thirdparty/wireless/avr2025_mac/source/tal/atmegarfr2/src/tal.o
 .text.set_trx_state
                0x00001286      0x296 src/ASF/thirdparty/wireless/avr2025_mac/source/tal/atmegarfr2/src/tal.o
                0x00001286                set_trx_state
 .text.tal_task
                0x0000151c       0x7a src/ASF/thirdparty/wireless/avr2025_mac/source/tal/atmegarfr2/src/tal.o
                0x0000151c                tal_task
 .text.__portable_avr_delay_cycles
                0x00001596       0x16 src/ASF/thirdparty/wireless/avr2025_mac/source/tal/atmegarfr2/src/tal_init.o
 .text.tal_generate_rand_seed
                0x000015ac       0x86 src/ASF/thirdparty/wireless/avr2025_mac/source/tal/atmegarfr2/src/tal_init.o
                0x000015ac                tal_generate_rand_seed
 .text.internal_tal_reset
                0x00001632       0xe2 src/ASF/thirdparty/wireless/avr2025_mac/source/tal/atmegarfr2/src/tal_init.o
 .text.tal_init
                0x00001714      0x146 src/ASF/thirdparty/wireless/avr2025_mac/source/tal/atmegarfr2/src/tal_init.o
                0x00001714                tal_init
 .text.pal_trx_irq_init_tx_end
                0x0000185a        0xa src/ASF/thirdparty/wireless/avr2025_mac/source/tal/atmegarfr2/src/tal_irq_handler.o
                0x0000185a                pal_trx_irq_init_tx_end
 .text.pal_trx_irq_init_rx_end
                0x00001864        0xa src/ASF/thirdparty/wireless/avr2025_mac/source/tal/atmegarfr2/src/tal_irq_handler.o
                0x00001864                pal_trx_irq_init_rx_end
 .text.pal_trx_irq_init_awake
                0x0000186e        0xa src/ASF/thirdparty/wireless/avr2025_mac/source/tal/atmegarfr2/src/tal_irq_handler.o
                0x0000186e                pal_trx_irq_init_awake
 .text.__vector_63
                0x00001878       0x56 src/ASF/thirdparty/wireless/avr2025_mac/source/tal/atmegarfr2/src/tal_irq_handler.o
                0x00001878                __vector_63
 .text.__vector_60
                0x000018ce       0x56 src/ASF/thirdparty/wireless/avr2025_mac/source/tal/atmegarfr2/src/tal_irq_handler.o
                0x000018ce                __vector_60
 .text.__vector_61
                0x00001924       0x56 src/ASF/thirdparty/wireless/avr2025_mac/source/tal/atmegarfr2/src/tal_irq_handler.o
                0x00001924                __vector_61
 .text.__vector_64
                0x0000197a       0x56 src/ASF/thirdparty/wireless/avr2025_mac/source/tal/atmegarfr2/src/tal_irq_handler.o
                0x0000197a                __vector_64
 .text.__vector_59
                0x000019d0       0x14 src/ASF/thirdparty/wireless/avr2025_mac/source/tal/atmegarfr2/src/tal_irq_handler.o
                0x000019d0                __vector_59
 .text.__vector_57
                0x000019e4       0x14 src/ASF/thirdparty/wireless/avr2025_mac/source/tal/atmegarfr2/src/tal_irq_handler.o
                0x000019e4                __vector_57
 .text.__vector_58
                0x000019f8       0x14 src/ASF/thirdparty/wireless/avr2025_mac/source/tal/atmegarfr2/src/tal_irq_handler.o
                0x000019f8                __vector_58
 .text.__vector_62
                0x00001a0c       0x14 src/ASF/thirdparty/wireless/avr2025_mac/source/tal/atmegarfr2/src/tal_irq_handler.o
                0x00001a0c                __vector_62
 .text.__vector_71
                0x00001a20       0x14 src/ASF/thirdparty/wireless/avr2025_mac/source/tal/atmegarfr2/src/tal_irq_handler.o
                0x00001a20                __vector_71
 .text.__vector_70
                0x00001a34       0x14 src/ASF/thirdparty/wireless/avr2025_mac/source/tal/atmegarfr2/src/tal_irq_handler.o
                0x00001a34                __vector_70
 .text.__vector_72
                0x00001a48       0x14 src/ASF/thirdparty/wireless/avr2025_mac/source/tal/atmegarfr2/src/tal_irq_handler.o
                0x00001a48                __vector_72
 .text.__vector_73
                0x00001a5c       0x14 src/ASF/thirdparty/wireless/avr2025_mac/source/tal/atmegarfr2/src/tal_irq_handler.o
                0x00001a5c                __vector_73
 .text.__vector_74
                0x00001a70       0x14 src/ASF/thirdparty/wireless/avr2025_mac/source/tal/atmegarfr2/src/tal_irq_handler.o
                0x00001a70                __vector_74
 .text.__vector_75
                0x00001a84       0x14 src/ASF/thirdparty/wireless/avr2025_mac/source/tal/atmegarfr2/src/tal_irq_handler.o
                0x00001a84                __vector_75
 .text.__vector_76
                0x00001a98       0x14 src/ASF/thirdparty/wireless/avr2025_mac/source/tal/atmegarfr2/src/tal_irq_handler.o
                0x00001a98                __vector_76
 .text.trx_rx_end_handler_cb
                0x00001aac       0x22 src/ASF/thirdparty/wireless/avr2025_mac/source/tal/atmegarfr2/src/tal_irq_handler.o
                0x00001aac                trx_rx_end_handler_cb
 .text.trx_tx_end_handler_cb
                0x00001ace       0x22 src/ASF/thirdparty/wireless/avr2025_mac/source/tal/atmegarfr2/src/tal_irq_handler.o
                0x00001ace                trx_tx_end_handler_cb
 .text.trx_awake_handler_cb
                0x00001af0        0x8 src/ASF/thirdparty/wireless/avr2025_mac/source/tal/atmegarfr2/src/tal_irq_handler.o
                0x00001af0                trx_awake_handler_cb
 .text.limit_tx_pwr
                0x00001af8       0x60 src/ASF/thirdparty/wireless/avr2025_mac/source/tal/atmegarfr2/src/tal_pib.o
 .text.init_tal_pib
                0x00001b58       0x5a src/ASF/thirdparty/wireless/avr2025_mac/source/tal/atmegarfr2/src/tal_pib.o
                0x00001b58                init_tal_pib
 .text.convert_phyTransmitPower_to_reg_value
                0x00001bb2       0x42 src/ASF/thirdparty/wireless/avr2025_mac/source/tal/atmegarfr2/src/tal_pib.o
                0x00001bb2                convert_phyTransmitPower_to_reg_value
 .text.write_all_tal_pib_to_trx
                0x00001bf4       0xb6 src/ASF/thirdparty/wireless/avr2025_mac/source/tal/atmegarfr2/src/tal_pib.o
                0x00001bf4                write_all_tal_pib_to_trx
 .text.tal_pib_set
                0x00001caa      0x234 src/ASF/thirdparty/wireless/avr2025_mac/source/tal/atmegarfr2/src/tal_pib.o
                0x00001caa                tal_pib_set
 .text.__portable_avr_delay_cycles
                0x00001ede       0x16 src/ASF/thirdparty/wireless/avr2025_mac/source/tal/atmegarfr2/src/tal_rx.o
 .text.handle_received_frame_irq
                0x00001ef4       0xda src/ASF/thirdparty/wireless/avr2025_mac/source/tal/atmegarfr2/src/tal_rx.o
                0x00001ef4                handle_received_frame_irq
 .text.process_incoming_frame
                0x00001fce       0x7e src/ASF/thirdparty/wireless/avr2025_mac/source/tal/atmegarfr2/src/tal_rx.o
                0x00001fce                process_incoming_frame
 .text.tal_rx_enable
                0x0000204c       0x38 src/ASF/thirdparty/wireless/avr2025_mac/source/tal/atmegarfr2/src/tal_rx_enable.o
                0x0000204c                tal_rx_enable
 .text.__portable_avr_delay_cycles
                0x00002084       0x16 src/ASF/thirdparty/wireless/avr2025_mac/source/tal/atmegarfr2/src/tal_tx.o
 .text.tx_done_handling
                0x0000209a       0x44 src/ASF/thirdparty/wireless/avr2025_mac/source/tal/atmegarfr2/src/tal_tx.o
                0x0000209a                tx_done_handling
 .text.send_frame
                0x000020de      0x114 src/ASF/thirdparty/wireless/avr2025_mac/source/tal/atmegarfr2/src/tal_tx.o
                0x000020de                send_frame
 .text.tal_tx_frame
                0x000021f2       0x3e src/ASF/thirdparty/wireless/avr2025_mac/source/tal/atmegarfr2/src/tal_tx.o
                0x000021f2                tal_tx_frame
 .text.handle_tx_end_irq
                0x00002230       0x3a src/ASF/thirdparty/wireless/avr2025_mac/source/tal/atmegarfr2/src/tal_tx.o
                0x00002230                handle_tx_end_irq
 .text.tal_ant_div_config
                0x0000226a       0xf2 src/ASF/thirdparty/wireless/avr2025_mac/source/tal/src/tal_helper.o
                0x0000226a                tal_ant_div_config
 .text.tfa_pib_set
                0x0000235c       0x50 src/ASF/thirdparty/wireless/avr2025_mac/source/tfa/atmegarfr2/src/tfa.o
                0x0000235c                tfa_pib_set
 .text.tfa_init
                0x000023ac       0x22 src/ASF/thirdparty/wireless/avr2025_mac/source/tfa/atmegarfr2/src/tfa.o
                0x000023ac                tfa_init
 .text.tc_ovf_callback
                0x000023ce        0x6 src/ASF/thirdparty/wireless/services/common_hw_timer/mega/hw_timer.o
                0x000023ce                tc_ovf_callback
 .text.tc_cca_callback
                0x000023d4        0x6 src/ASF/thirdparty/wireless/services/common_hw_timer/mega/hw_timer.o
                0x000023d4                tc_cca_callback
 .text.tmr_read_count
                0x000023da        0xa src/ASF/thirdparty/wireless/services/common_hw_timer/mega/hw_timer.o
                0x000023da                tmr_read_count
 .text.tmr_disable_cc_interrupt
                0x000023e4        0xe src/ASF/thirdparty/wireless/services/common_hw_timer/mega/hw_timer.o
                0x000023e4                tmr_disable_cc_interrupt
 .text.tmr_enable_cc_interrupt
                0x000023f2        0xe src/ASF/thirdparty/wireless/services/common_hw_timer/mega/hw_timer.o
                0x000023f2                tmr_enable_cc_interrupt
 .text.tmr_disable_ovf_interrupt
                0x00002400        0xe src/ASF/thirdparty/wireless/services/common_hw_timer/mega/hw_timer.o
                0x00002400                tmr_disable_ovf_interrupt
 .text.tmr_stop
                0x0000240e        0x8 src/ASF/thirdparty/wireless/services/common_hw_timer/mega/hw_timer.o
                0x0000240e                tmr_stop
 .text.tmr_write_cmpreg
                0x00002416       0x16 src/ASF/thirdparty/wireless/services/common_hw_timer/mega/hw_timer.o
                0x00002416                tmr_write_cmpreg
 .text.save_cpu_interrupt
                0x0000242c       0x1a src/ASF/thirdparty/wireless/services/common_hw_timer/mega/hw_timer.o
                0x0000242c                save_cpu_interrupt
 .text.restore_cpu_interrupt
                0x00002446        0x4 src/ASF/thirdparty/wireless/services/common_hw_timer/mega/hw_timer.o
                0x00002446                restore_cpu_interrupt
 .text.tmr_init
                0x0000244a       0x40 src/ASF/thirdparty/wireless/services/common_hw_timer/mega/hw_timer.o
                0x0000244a                tmr_init
 .text.__vector_20
                0x0000248a       0x5a src/ASF/thirdparty/wireless/services/mega/drivers/tc/tc_megarf.o
                0x0000248a                __vector_20
 .text.__vector_17
                0x000024e4       0x5a src/ASF/thirdparty/wireless/services/mega/drivers/tc/tc_megarf.o
                0x000024e4                __vector_17
 .text.__vector_18
                0x0000253e       0x5a src/ASF/thirdparty/wireless/services/mega/drivers/tc/tc_megarf.o
                0x0000253e                __vector_18
 .text.__vector_19
                0x00002598       0x5a src/ASF/thirdparty/wireless/services/mega/drivers/tc/tc_megarf.o
                0x00002598                __vector_19
 .text.__vector_35
                0x000025f2       0x5a src/ASF/thirdparty/wireless/services/mega/drivers/tc/tc_megarf.o
                0x000025f2                __vector_35
 .text.__vector_32
                0x0000264c       0x5a src/ASF/thirdparty/wireless/services/mega/drivers/tc/tc_megarf.o
                0x0000264c                __vector_32
 .text.__vector_33
                0x000026a6       0x5a src/ASF/thirdparty/wireless/services/mega/drivers/tc/tc_megarf.o
                0x000026a6                __vector_33
 .text.__vector_34
                0x00002700       0x5a src/ASF/thirdparty/wireless/services/mega/drivers/tc/tc_megarf.o
                0x00002700                __vector_34
 .text.__vector_45
                0x0000275a       0x5a src/ASF/thirdparty/wireless/services/mega/drivers/tc/tc_megarf.o
                0x0000275a                __vector_45
 .text.__vector_42
                0x000027b4       0x5a src/ASF/thirdparty/wireless/services/mega/drivers/tc/tc_megarf.o
                0x000027b4                __vector_42
 .text.__vector_43
                0x0000280e       0x5a src/ASF/thirdparty/wireless/services/mega/drivers/tc/tc_megarf.o
                0x0000280e                __vector_43
 .text.__vector_44
                0x00002868       0x5a src/ASF/thirdparty/wireless/services/mega/drivers/tc/tc_megarf.o
                0x00002868                __vector_44
 .text.__vector_50
                0x000028c2       0x5a src/ASF/thirdparty/wireless/services/mega/drivers/tc/tc_megarf.o
                0x000028c2                __vector_50
 .text.__vector_47
                0x0000291c       0x5a src/ASF/thirdparty/wireless/services/mega/drivers/tc/tc_megarf.o
                0x0000291c                __vector_47
 .text.__vector_48
                0x00002976       0x5a src/ASF/thirdparty/wireless/services/mega/drivers/tc/tc_megarf.o
                0x00002976                __vector_48
 .text.__vector_49
                0x000029d0       0x5a src/ASF/thirdparty/wireless/services/mega/drivers/tc/tc_megarf.o
                0x000029d0                __vector_49
 .text.tc_enable
                0x00002a2a       0xee src/ASF/thirdparty/wireless/services/mega/drivers/tc/tc_megarf.o
                0x00002a2a                tc_enable
 .text.tc_disable
                0x00002b18       0xee src/ASF/thirdparty/wireless/services/mega/drivers/tc/tc_megarf.o
                0x00002b18                tc_disable
 .text.tc_set_overflow_interrupt_callback
                0x00002c06       0x40 src/ASF/thirdparty/wireless/services/mega/drivers/tc/tc_megarf.o
                0x00002c06                tc_set_overflow_interrupt_callback
 .text.tc_set_compa_interrupt_callback
                0x00002c46       0x40 src/ASF/thirdparty/wireless/services/mega/drivers/tc/tc_megarf.o
                0x00002c46                tc_set_compa_interrupt_callback
 .text.main     0x00002c86       0x16 src/main.o
                0x00002c86                main
 .text.tal_tx_frame_done_cb
                0x00002c9c        0x6 src/main.o
                0x00002c9c                tal_tx_frame_done_cb
 .text.tal_rx_frame_cb
                0x00002ca2       0x18 src/main.o
                0x00002ca2                tal_rx_frame_cb
 .text.libgcc.mul
                0x00002cba       0x1e c:/program files (x86)/atmel/studio/7.0/toolchain/avr8/avr8-gnu-toolchain/bin/../lib/gcc/avr/5.4.0/avr6\libgcc.a(_mulsi3.o)
                0x00002cba                __mulsi3
 .text.libgcc.div
                0x00002cd8       0x28 c:/program files (x86)/atmel/studio/7.0/toolchain/avr8/avr8-gnu-toolchain/bin/../lib/gcc/avr/5.4.0/avr6\libgcc.a(_udivmodhi4.o)
                0x00002cd8                __udivmodhi4
 .text.libgcc.div
                0x00002d00       0x26 c:/program files (x86)/atmel/studio/7.0/toolchain/avr8/avr8-gnu-toolchain/bin/../lib/gcc/avr/5.4.0/avr6\libgcc.a(_divmodhi4.o)
                0x00002d00                _div
                0x00002d00                __divmodhi4
 .text.libgcc.div
                0x00002d26       0x44 c:/program files (x86)/atmel/studio/7.0/toolchain/avr8/avr8-gnu-toolchain/bin/../lib/gcc/avr/5.4.0/avr6\libgcc.a(_udivmodsi4.o)
                0x00002d26                __udivmodsi4
 .text.libgcc   0x00002d6a       0x10 c:/program files (x86)/atmel/studio/7.0/toolchain/avr8/avr8-gnu-toolchain/bin/../lib/gcc/avr/5.4.0/avr6\libgcc.a(_tablejump2.o)
                0x00002d6a                __tablejump2__
 .text.libgcc.mul
                0x00002d7a       0x1e c:/program files (x86)/atmel/studio/7.0/toolchain/avr8/avr8-gnu-toolchain/bin/../lib/gcc/avr/5.4.0/avr6\libgcc.a(_umulhisi3.o)
                0x00002d7a                __umulhisi3
 .text.libgcc.mul
                0x00002d98       0x14 c:/program files (x86)/atmel/studio/7.0/toolchain/avr8/avr8-gnu-toolchain/bin/../lib/gcc/avr/5.4.0/avr6\libgcc.a(_muluhisi3.o)
                0x00002d98                __muluhisi3
 .text.libgcc   0x00002dac       0x18 c:/program files (x86)/atmel/studio/7.0/toolchain/avr8/avr8-gnu-toolchain/bin/../lib/gcc/avr/5.4.0/avr6\libgcc.a(_adddi3_s8.o)
                0x00002dac                __adddi3_s8
 .text.libgcc   0x00002dc4       0x18 c:/program files (x86)/atmel/studio/7.0/toolchain/avr8/avr8-gnu-toolchain/bin/../lib/gcc/avr/5.4.0/avr6\libgcc.a(_cmpdi2_s8.o)
                0x00002dc4                __cmpdi2_s8
 .text.avr-libc
                0x00002ddc       0xaa c:/program files (x86)/atmel/studio/7.0/toolchain/avr8/avr8-gnu-toolchain/bin/../lib/gcc/avr/5.4.0/../../../../avr/lib/avr6\libc.a(rand.o)
                0x00002e68                rand_r
                0x00002e6a                rand
                0x00002e70                srand
 .text.avr-libc
                0x00002e86       0x12 c:/program files (x86)/atmel/studio/7.0/toolchain/avr8/avr8-gnu-toolchain/bin/../lib/gcc/avr/5.4.0/../../../../avr/lib/avr6\libc.a(memcpy.o)
                0x00002e86                memcpy
 .text.avr-libc
                0x00002e98       0x94 c:/program files (x86)/atmel/studio/7.0/toolchain/avr8/avr8-gnu-toolchain/bin/../lib/gcc/avr/5.4.0/../../../../avr/lib/avr6\libc.a(fdevopen.o)
                0x00002e98                fdevopen
 .text.avr-libc
                0x00002f2c       0x34 c:/program files (x86)/atmel/studio/7.0/toolchain/avr8/avr8-gnu-toolchain/bin/../lib/gcc/avr/5.4.0/../../../../avr/lib/avr6\libc.a(calloc.o)
                0x00002f2c                calloc
 .text.avr-libc
                0x00002f60      0x242 c:/program files (x86)/atmel/studio/7.0/toolchain/avr8/avr8-gnu-toolchain/bin/../lib/gcc/avr/5.4.0/../../../../avr/lib/avr6\libc.a(malloc.o)
                0x00002f60                malloc
                0x00003090                free
 .text.avr-libc
                0x000031a2        0xe c:/program files (x86)/atmel/studio/7.0/toolchain/avr8/avr8-gnu-toolchain/bin/../lib/gcc/avr/5.4.0/../../../../avr/lib/avr6\libc.a(memset.o)
                0x000031a2                memset
 .text.libgcc.div
                0x000031b0       0x28 c:/program files (x86)/atmel/studio/7.0/toolchain/avr8/avr8-gnu-toolchain/bin/../lib/gcc/avr/5.4.0/avr6\libgcc.a(_divmodsi4.o)
                0x000031b0                __divmodsi4
 .text.libgcc.div
                0x000031d8       0x10 c:/program files (x86)/atmel/studio/7.0/toolchain/avr8/avr8-gnu-toolchain/bin/../lib/gcc/avr/5.4.0/avr6\libgcc.a(_negsi2.o)
                0x000031d8                __negsi2
 .text.libgcc.mul
                0x000031e8        0xc c:/program files (x86)/atmel/studio/7.0/toolchain/avr8/avr8-gnu-toolchain/bin/../lib/gcc/avr/5.4.0/avr6\libgcc.a(_mulshisi3.o)
                0x000031e8                __mulshisi3
                0x000031ec                __mulohisi3
                0x000031f4                . = ALIGN (0x2)
 *(.fini9)
 .fini9         0x000031f4        0x0 c:/program files (x86)/atmel/studio/7.0/toolchain/avr8/avr8-gnu-toolchain/bin/../lib/gcc/avr/5.4.0/avr6\libgcc.a(_exit.o)
                0x000031f4                _exit
                0x000031f4                exit
 *(.fini9)
 *(.fini8)
 *(.fini8)
 *(.fini7)
 *(.fini7)
 *(.fini6)
 *(.fini6)
 *(.fini5)
 *(.fini5)
 *(.fini4)
 *(.fini4)
 *(.fini3)
 *(.fini3)
 *(.fini2)
 *(.fini2)
 *(.fini1)
 *(.fini1)
 *(.fini0)
 .fini0         0x000031f4        0x4 c:/program files (x86)/atmel/studio/7.0/toolchain/avr8/avr8-gnu-toolchain/bin/../lib/gcc/avr/5.4.0/avr6\libgcc.a(_exit.o)
 *(.fini0)
                0x000031f8                _etext = .

.data           0x00800200       0x18 load address 0x000031f8
                0x00800200                PROVIDE (__data_start, .)
 *(.data)
 .data          0x00800200        0x4 c:/program files (x86)/atmel/studio/7.0/toolchain/avr8/avr8-gnu-toolchain/bin/../lib/gcc/avr/5.4.0/../../../../avr/lib/avr6\libc.a(rand.o)
 .data          0x00800204        0x6 c:/program files (x86)/atmel/studio/7.0/toolchain/avr8/avr8-gnu-toolchain/bin/../lib/gcc/avr/5.4.0/../../../../avr/lib/avr6\libc.a(malloc.o)
                0x00800204                __malloc_heap_end
                0x00800206                __malloc_heap_start
                0x00800208                __malloc_margin
 *(.data*)
 .data.usart_serial_options
                0x0080020a        0x7 src/ASF/thirdparty/wireless/addons/sio2host/uart/sio2host.o
 *(.gnu.linkonce.d*)
 *(.rodata)
 *(.rodata*)
 .rodata.str1.1
                0x00800211        0x6 src/usr_wireless.o
 *(.gnu.linkonce.r*)
                0x00800218                . = ALIGN (0x2)
 *fill*         0x00800217        0x1 
                0x00800218                _edata = .
                0x00800218                PROVIDE (__data_end, .)

.bss            0x00800218     0x52a0
                0x00800218                PROVIDE (__bss_start, .)
 *(.bss)
 .bss           0x00800218        0xb ../src/ASF/thirdparty/wireless/services/common_hw_timer/mega/lib\libmegarfr2_lib_hw_timer.a(common_hw_timer.o)
 *(.bss*)
 .bss.serial_rx_count
                0x00800223        0x1 src/ASF/thirdparty/wireless/addons/sio2host/uart/sio2host.o
 .bss.serial_rx_buf_tail
                0x00800224        0x1 src/ASF/thirdparty/wireless/addons/sio2host/uart/sio2host.o
 .bss.serial_rx_buf_head
                0x00800225        0x1 src/ASF/thirdparty/wireless/addons/sio2host/uart/sio2host.o
 .bss.serial_rx_buf
                0x00800226       0x9c src/ASF/thirdparty/wireless/addons/sio2host/uart/sio2host.o
 .bss.payload.3420
                0x008002c2       0x74 src/usr_wireless.o
 .bss.payload_length.3419
                0x00800336        0x1 src/usr_wireless.o
 .bss.contAlm   0x00800337        0x2 src/usr_wireless.o
                0x00800337                contAlm
 .bss.desplas   0x00800339        0x2 src/usr_wireless.o
                0x00800339                desplas
 .bss.seq_num.3415
                0x0080033b        0x2 src/Wireless/wireless_api.o
 .bss.storage_buffer
                0x0080033d       0x8b src/Wireless/wireless_api.o
 .bss.alloc_timer_id
                0x008003c8        0x1 src/ASF/thirdparty/wireless/avr2025_mac/source/pal/common_sw_timer/common_sw_timer.o
 .bss.expired_timer_queue_tail
                0x008003c9        0x1 src/ASF/thirdparty/wireless/avr2025_mac/source/pal/common_sw_timer/common_sw_timer.o
 .bss.expired_timer_queue_head
                0x008003ca        0x1 src/ASF/thirdparty/wireless/avr2025_mac/source/pal/common_sw_timer/common_sw_timer.o
 .bss.running_timer_queue_head
                0x008003cb        0x1 src/ASF/thirdparty/wireless/avr2025_mac/source/pal/common_sw_timer/common_sw_timer.o
 .bss.running_timers
                0x008003cc        0x1 src/ASF/thirdparty/wireless/avr2025_mac/source/pal/common_sw_timer/common_sw_timer.o
 .bss.free_large_buffer_q
                0x008003cd        0x5 src/ASF/thirdparty/wireless/avr2025_mac/source/resources/buffer/src/bmm.o
 .bss.buf_header
                0x008003d2        0xc src/ASF/thirdparty/wireless/avr2025_mac/source/resources/buffer/src/bmm.o
 .bss.buf_pool  0x008003de      0x1a1 src/ASF/thirdparty/wireless/avr2025_mac/source/resources/buffer/src/bmm.o
 .bss.tal_rx_buffer
                0x0080057f        0x2 src/ASF/thirdparty/wireless/avr2025_mac/source/tal/atmegarfr2/src/tal.o
                0x0080057f                tal_rx_buffer
 .bss.irq_hdl_trx_awake
                0x00800581        0x2 src/ASF/thirdparty/wireless/avr2025_mac/source/tal/atmegarfr2/src/tal_irq_handler.o
 .bss.irq_hdl_trx_cca_ed
                0x00800583        0x2 src/ASF/thirdparty/wireless/avr2025_mac/source/tal/atmegarfr2/src/tal_irq_handler.o
 .bss.irq_hdl_trx_rx_end
                0x00800585        0x2 src/ASF/thirdparty/wireless/avr2025_mac/source/tal/atmegarfr2/src/tal_irq_handler.o
 .bss.irq_hdl_trx_tx_end
                0x00800587        0x2 src/ASF/thirdparty/wireless/avr2025_mac/source/tal/atmegarfr2/src/tal_irq_handler.o
 .bss.trx_trac_status
                0x00800589        0x1 src/ASF/thirdparty/wireless/avr2025_mac/source/tal/atmegarfr2/src/tal_tx.o
 .bss.tfa_pib_rx_sens
                0x0080058a        0x1 src/ASF/thirdparty/wireless/avr2025_mac/source/tfa/atmegarfr2/src/tfa.o
 .bss.tc_tccr5_compc_callback
                0x0080058b        0x2 src/ASF/thirdparty/wireless/services/mega/drivers/tc/tc_megarf.o
 .bss.tc_tccr5_compb_callback
                0x0080058d        0x2 src/ASF/thirdparty/wireless/services/mega/drivers/tc/tc_megarf.o
 .bss.tc_tccr5_compa_callback
                0x0080058f        0x2 src/ASF/thirdparty/wireless/services/mega/drivers/tc/tc_megarf.o
 .bss.tc_tccr5_ovf_callback
                0x00800591        0x2 src/ASF/thirdparty/wireless/services/mega/drivers/tc/tc_megarf.o
 .bss.tc_tccr4_compc_callback
                0x00800593        0x2 src/ASF/thirdparty/wireless/services/mega/drivers/tc/tc_megarf.o
 .bss.tc_tccr4_compb_callback
                0x00800595        0x2 src/ASF/thirdparty/wireless/services/mega/drivers/tc/tc_megarf.o
 .bss.tc_tccr4_compa_callback
                0x00800597        0x2 src/ASF/thirdparty/wireless/services/mega/drivers/tc/tc_megarf.o
 .bss.tc_tccr4_ovf_callback
                0x00800599        0x2 src/ASF/thirdparty/wireless/services/mega/drivers/tc/tc_megarf.o
 .bss.tc_tccr3_compc_callback
                0x0080059b        0x2 src/ASF/thirdparty/wireless/services/mega/drivers/tc/tc_megarf.o
 .bss.tc_tccr3_compb_callback
                0x0080059d        0x2 src/ASF/thirdparty/wireless/services/mega/drivers/tc/tc_megarf.o
 .bss.tc_tccr3_compa_callback
                0x0080059f        0x2 src/ASF/thirdparty/wireless/services/mega/drivers/tc/tc_megarf.o
 .bss.tc_tccr3_ovf_callback
                0x008005a1        0x2 src/ASF/thirdparty/wireless/services/mega/drivers/tc/tc_megarf.o
 .bss.tc_tccr1_compc_callback
                0x008005a3        0x2 src/ASF/thirdparty/wireless/services/mega/drivers/tc/tc_megarf.o
 .bss.tc_tccr1_compb_callback
                0x008005a5        0x2 src/ASF/thirdparty/wireless/services/mega/drivers/tc/tc_megarf.o
 .bss.tc_tccr1_compa_callback
                0x008005a7        0x2 src/ASF/thirdparty/wireless/services/mega/drivers/tc/tc_megarf.o
 .bss.tc_tccr1_ovf_callback
                0x008005a9        0x2 src/ASF/thirdparty/wireless/services/mega/drivers/tc/tc_megarf.o
 *(COMMON)
 COMMON         0x008005ab        0x2 src/ASF/common/utils/stdio/read.o
                0x008005ab                ptr_get
 COMMON         0x008005ad        0x4 src/ASF/common/utils/stdio/write.o
                0x008005ad                ptr_put
                0x008005af                stdio_base
 COMMON         0x008005b1     0x4e9a src/usr_wireless.o
                0x008005b1                trama_recibida
                0x00800622                ed_val
                0x00800623                vectorAlmacenamiento
                0x00805443                potencia_trama
                0x00805444                tramaDePrueba
 COMMON         0x0080544b       0x35 src/ASF/thirdparty/wireless/avr2025_mac/source/pal/common_sw_timer/common_sw_timer.o
                0x0080544b                sys_time
                0x0080544d                timer_array
                0x0080547f                timer_trigger
 COMMON         0x00805480       0x2d src/ASF/thirdparty/wireless/avr2025_mac/source/tal/atmegarfr2/src/tal.o
                0x00805480                tal_rx_on_required
                0x00805481                tal_incoming_frame_queue
                0x00805486                mac_frame_ptr
                0x00805488                tal_pib
                0x008054a7                tal_trx_status
                0x008054a8                last_frame_length
                0x008054a9                tal_frame_to_tx
                0x008054ab                tal_awake_end_flag
                0x008054ac                tal_state
 COMMON         0x008054ad        0x1 ../src/ASF/thirdparty/wireless/services/common_hw_timer/mega/lib\libmegarfr2_lib_hw_timer.a(common_hw_timer.o)
                0x008054ad                timer_multiplier
 COMMON         0x008054ae        0x6 c:/program files (x86)/atmel/studio/7.0/toolchain/avr8/avr8-gnu-toolchain/bin/../lib/gcc/avr/5.4.0/../../../../avr/lib/avr6\libc.a(iob.o)
                0x008054ae                __iob
 COMMON         0x008054b4        0x4 c:/program files (x86)/atmel/studio/7.0/toolchain/avr8/avr8-gnu-toolchain/bin/../lib/gcc/avr/5.4.0/../../../../avr/lib/avr6\libc.a(malloc.o)
                0x008054b4                __brkval
                0x008054b6                __flp
                0x008054b8                PROVIDE (__bss_end, .)
                0x000031f8                __data_load_start = LOADADDR (.data)
                0x00003210                __data_load_end = (__data_load_start + SIZEOF (.data))

.noinit         0x008054b8        0x0
                [!provide]                PROVIDE (__noinit_start, .)
 *(.noinit*)
                [!provide]                PROVIDE (__noinit_end, .)
                0x008054b8                _end = .
                0x008054b8                PROVIDE (__heap_start, .)

.eeprom         0x00810000        0x0
 *(.eeprom*)
                0x00810000                __eeprom_end = .

.fuse
 *(.fuse)
 *(.lfuse)
 *(.hfuse)
 *(.efuse)

.lock
 *(.lock*)

.signature
 *(.signature*)

.user_signatures
 *(.user_signatures*)

.stab
 *(.stab)

.stabstr
 *(.stabstr)

.stab.excl
 *(.stab.excl)

.stab.exclstr
 *(.stab.exclstr)

.stab.index
 *(.stab.index)

.stab.indexstr
 *(.stab.indexstr)

.comment        0x00000000       0x30
 *(.comment)
 .comment       0x00000000       0x30 src/ASF/common/services/serial/usart_serial.o
                                 0x31 (size before relaxing)
 .comment       0x00000030       0x31 src/ASF/common/utils/stdio/read.o
 .comment       0x00000030       0x31 src/ASF/common/utils/stdio/write.o
 .comment       0x00000030       0x31 src/ASF/mega/drivers/usart/usart_megarf.o
 .comment       0x00000030       0x31 src/ASF/thirdparty/wireless/addons/sio2host/uart/sio2host.o
 .comment       0x00000030       0x31 src/usr_wireless.o
 .comment       0x00000030       0x31 src/Wireless/wireless_api.o
 .comment       0x00000030       0x31 src/ASF/common/boards/user_board/init.o
 .comment       0x00000030       0x31 src/ASF/common/services/clock/mega/sysclk.o
 .comment       0x00000030       0x31 src/ASF/thirdparty/wireless/avr2025_mac/source/pal/common_sw_timer/common_sw_timer.o
 .comment       0x00000030       0x31 src/ASF/thirdparty/wireless/avr2025_mac/source/pal/pal.o
 .comment       0x00000030       0x31 src/ASF/thirdparty/wireless/avr2025_mac/source/resources/buffer/src/bmm.o
 .comment       0x00000030       0x31 src/ASF/thirdparty/wireless/avr2025_mac/source/resources/queue/src/qmm.o
 .comment       0x00000030       0x31 src/ASF/thirdparty/wireless/avr2025_mac/source/tal/atmegarfr2/src/tal.o
 .comment       0x00000030       0x31 src/ASF/thirdparty/wireless/avr2025_mac/source/tal/atmegarfr2/src/tal_init.o
 .comment       0x00000030       0x31 src/ASF/thirdparty/wireless/avr2025_mac/source/tal/atmegarfr2/src/tal_irq_handler.o
 .comment       0x00000030       0x31 src/ASF/thirdparty/wireless/avr2025_mac/source/tal/atmegarfr2/src/tal_pib.o
 .comment       0x00000030       0x31 src/ASF/thirdparty/wireless/avr2025_mac/source/tal/atmegarfr2/src/tal_rx.o
 .comment       0x00000030       0x31 src/ASF/thirdparty/wireless/avr2025_mac/source/tal/atmegarfr2/src/tal_rx_enable.o
 .comment       0x00000030       0x31 src/ASF/thirdparty/wireless/avr2025_mac/source/tal/atmegarfr2/src/tal_tx.o
 .comment       0x00000030       0x31 src/ASF/thirdparty/wireless/avr2025_mac/source/tal/src/tal_helper.o
 .comment       0x00000030       0x31 src/ASF/thirdparty/wireless/avr2025_mac/source/tfa/atmegarfr2/src/tfa.o
 .comment       0x00000030       0x31 src/ASF/thirdparty/wireless/services/common_hw_timer/mega/hw_timer.o
 .comment       0x00000030       0x31 src/ASF/thirdparty/wireless/services/mega/drivers/tc/tc_megarf.o
 .comment       0x00000030       0x31 src/main.o
 .comment       0x00000030       0x31 c:/program files (x86)/atmel/studio/7.0/toolchain/avr8/avr8-gnu-toolchain/bin/../lib/gcc/avr/5.4.0/../../../../avr/lib/avr6\libc.a(rand.o)
 .comment       0x00000030       0x31 c:/program files (x86)/atmel/studio/7.0/toolchain/avr8/avr8-gnu-toolchain/bin/../lib/gcc/avr/5.4.0/../../../../avr/lib/avr6\libc.a(fdevopen.o)
 .comment       0x00000030       0x31 c:/program files (x86)/atmel/studio/7.0/toolchain/avr8/avr8-gnu-toolchain/bin/../lib/gcc/avr/5.4.0/../../../../avr/lib/avr6\libc.a(iob.o)
 .comment       0x00000030       0x31 c:/program files (x86)/atmel/studio/7.0/toolchain/avr8/avr8-gnu-toolchain/bin/../lib/gcc/avr/5.4.0/../../../../avr/lib/avr6\libc.a(calloc.o)
 .comment       0x00000030       0x31 c:/program files (x86)/atmel/studio/7.0/toolchain/avr8/avr8-gnu-toolchain/bin/../lib/gcc/avr/5.4.0/../../../../avr/lib/avr6\libc.a(malloc.o)

.note.gnu.avr.deviceinfo
                0x00000000       0x40
 .note.gnu.avr.deviceinfo
                0x00000000       0x40 C:/Program Files (x86)/Atmel/Studio/7.0/Packs/atmel/ATmega_DFP/1.7.374/gcc/dev/atmega256rfr2/avr6/crtatmega256rfr2.o

.note.gnu.build-id
 *(.note.gnu.build-id)

.debug
 *(.debug)

.line
 *(.line)

.debug_srcinfo
 *(.debug_srcinfo)

.debug_sfnames
 *(.debug_sfnames)

.debug_aranges  0x00000000      0x820
 *(.debug_aranges)
 .debug_aranges
                0x00000000       0x28 src/ASF/common/services/serial/usart_serial.o
 .debug_aranges
                0x00000028       0x20 src/ASF/common/utils/stdio/read.o
 .debug_aranges
                0x00000048       0x20 src/ASF/common/utils/stdio/write.o
 .debug_aranges
                0x00000068       0x50 src/ASF/mega/drivers/usart/usart_megarf.o
 .debug_aranges
                0x000000b8       0x78 src/ASF/thirdparty/wireless/addons/sio2host/uart/sio2host.o
 .debug_aranges
                0x00000130       0x30 src/usr_wireless.o
 .debug_aranges
                0x00000160       0x40 src/Wireless/wireless_api.o
 .debug_aranges
                0x000001a0       0x28 src/ASF/common/boards/user_board/init.o
 .debug_aranges
                0x000001c8       0x30 src/ASF/common/services/clock/mega/sysclk.o
 .debug_aranges
                0x000001f8       0x88 src/ASF/thirdparty/wireless/avr2025_mac/source/pal/common_sw_timer/common_sw_timer.o
 .debug_aranges
                0x00000280       0x68 src/ASF/thirdparty/wireless/avr2025_mac/source/pal/pal.o
 .debug_aranges
                0x000002e8       0x30 src/ASF/thirdparty/wireless/avr2025_mac/source/resources/buffer/src/bmm.o
 .debug_aranges
                0x00000318       0x48 src/ASF/thirdparty/wireless/avr2025_mac/source/resources/queue/src/qmm.o
 .debug_aranges
                0x00000360       0x48 src/ASF/thirdparty/wireless/avr2025_mac/source/tal/atmegarfr2/src/tal.o
 .debug_aranges
                0x000003a8       0x40 src/ASF/thirdparty/wireless/avr2025_mac/source/tal/atmegarfr2/src/tal_init.o
 .debug_aranges
                0x000003e8       0xc8 src/ASF/thirdparty/wireless/avr2025_mac/source/tal/atmegarfr2/src/tal_irq_handler.o
 .debug_aranges
                0x000004b0       0x48 src/ASF/thirdparty/wireless/avr2025_mac/source/tal/atmegarfr2/src/tal_pib.o
 .debug_aranges
                0x000004f8       0x30 src/ASF/thirdparty/wireless/avr2025_mac/source/tal/atmegarfr2/src/tal_rx.o
 .debug_aranges
                0x00000528       0x20 src/ASF/thirdparty/wireless/avr2025_mac/source/tal/atmegarfr2/src/tal_rx_enable.o
 .debug_aranges
                0x00000548       0x40 src/ASF/thirdparty/wireless/avr2025_mac/source/tal/atmegarfr2/src/tal_tx.o
 .debug_aranges
                0x00000588       0xa0 src/ASF/thirdparty/wireless/avr2025_mac/source/tal/src/tal_helper.o
 .debug_aranges
                0x00000628       0x70 src/ASF/thirdparty/wireless/avr2025_mac/source/tfa/atmegarfr2/src/tfa.o
 .debug_aranges
                0x00000698       0x70 src/ASF/thirdparty/wireless/services/common_hw_timer/mega/hw_timer.o
 .debug_aranges
                0x00000708       0xc8 src/ASF/thirdparty/wireless/services/mega/drivers/tc/tc_megarf.o
 .debug_aranges
                0x000007d0       0x30 src/main.o
 .debug_aranges
                0x00000800       0x20 ../src/ASF/thirdparty/wireless/services/common_hw_timer/mega/lib\libmegarfr2_lib_hw_timer.a(common_hw_timer.o)

.debug_pubnames
 *(.debug_pubnames)

.debug_info     0x00000000     0xccbb
 *(.debug_info .gnu.linkonce.wi.*)
 .debug_info    0x00000000     0x13e6 C:/Program Files (x86)/Atmel/Studio/7.0/Packs/atmel/ATmega_DFP/1.7.374/gcc/dev/atmega256rfr2/avr6/crtatmega256rfr2.o
 .debug_info    0x000013e6      0x39e src/ASF/common/services/serial/usart_serial.o
 .debug_info    0x00001784      0x104 src/ASF/common/utils/stdio/read.o
 .debug_info    0x00001888      0x104 src/ASF/common/utils/stdio/write.o
 .debug_info    0x0000198c      0xb97 src/ASF/mega/drivers/usart/usart_megarf.o
 .debug_info    0x00002523      0x823 src/ASF/thirdparty/wireless/addons/sio2host/uart/sio2host.o
 .debug_info    0x00002d46      0xb15 src/usr_wireless.o
 .debug_info    0x0000385b      0xa4c src/Wireless/wireless_api.o
 .debug_info    0x000042a7      0x43d src/ASF/common/boards/user_board/init.o
 .debug_info    0x000046e4      0x2b5 src/ASF/common/services/clock/mega/sysclk.o
 .debug_info    0x00004999      0xbd2 src/ASF/thirdparty/wireless/avr2025_mac/source/pal/common_sw_timer/common_sw_timer.o
 .debug_info    0x0000556b      0x676 src/ASF/thirdparty/wireless/avr2025_mac/source/pal/pal.o
 .debug_info    0x00005be1      0x3dd src/ASF/thirdparty/wireless/avr2025_mac/source/resources/buffer/src/bmm.o
 .debug_info    0x00005fbe      0x58b src/ASF/thirdparty/wireless/avr2025_mac/source/resources/queue/src/qmm.o
 .debug_info    0x00006549      0xafe src/ASF/thirdparty/wireless/avr2025_mac/source/tal/atmegarfr2/src/tal.o
 .debug_info    0x00007047      0xca9 src/ASF/thirdparty/wireless/avr2025_mac/source/tal/atmegarfr2/src/tal_init.o
 .debug_info    0x00007cf0      0x556 src/ASF/thirdparty/wireless/avr2025_mac/source/tal/atmegarfr2/src/tal_irq_handler.o
 .debug_info    0x00008246      0x8da src/ASF/thirdparty/wireless/avr2025_mac/source/tal/atmegarfr2/src/tal_pib.o
 .debug_info    0x00008b20      0x5ac src/ASF/thirdparty/wireless/avr2025_mac/source/tal/atmegarfr2/src/tal_rx.o
 .debug_info    0x000090cc      0x490 src/ASF/thirdparty/wireless/avr2025_mac/source/tal/atmegarfr2/src/tal_rx_enable.o
 .debug_info    0x0000955c      0x968 src/ASF/thirdparty/wireless/avr2025_mac/source/tal/atmegarfr2/src/tal_tx.o
 .debug_info    0x00009ec4      0xb29 src/ASF/thirdparty/wireless/avr2025_mac/source/tal/src/tal_helper.o
 .debug_info    0x0000a9ed      0xad8 src/ASF/thirdparty/wireless/avr2025_mac/source/tfa/atmegarfr2/src/tfa.o
 .debug_info    0x0000b4c5      0x734 src/ASF/thirdparty/wireless/services/common_hw_timer/mega/hw_timer.o
 .debug_info    0x0000bbf9      0x854 src/ASF/thirdparty/wireless/services/mega/drivers/tc/tc_megarf.o
 .debug_info    0x0000c44d      0x5f2 src/main.o
 .debug_info    0x0000ca3f      0x27c ../src/ASF/thirdparty/wireless/services/common_hw_timer/mega/lib\libmegarfr2_lib_hw_timer.a(common_hw_timer.o)

.debug_abbrev   0x00000000     0x4d86
 *(.debug_abbrev)
 .debug_abbrev  0x00000000     0x12d6 C:/Program Files (x86)/Atmel/Studio/7.0/Packs/atmel/ATmega_DFP/1.7.374/gcc/dev/atmega256rfr2/avr6/crtatmega256rfr2.o
 .debug_abbrev  0x000012d6      0x17d src/ASF/common/services/serial/usart_serial.o
 .debug_abbrev  0x00001453       0xc5 src/ASF/common/utils/stdio/read.o
 .debug_abbrev  0x00001518       0xa7 src/ASF/common/utils/stdio/write.o
 .debug_abbrev  0x000015bf      0x345 src/ASF/mega/drivers/usart/usart_megarf.o
 .debug_abbrev  0x00001904      0x301 src/ASF/thirdparty/wireless/addons/sio2host/uart/sio2host.o
 .debug_abbrev  0x00001c05      0x2f7 src/usr_wireless.o
 .debug_abbrev  0x00001efc      0x2d9 src/Wireless/wireless_api.o
 .debug_abbrev  0x000021d5      0x1c1 src/ASF/common/boards/user_board/init.o
 .debug_abbrev  0x00002396      0x1a6 src/ASF/common/services/clock/mega/sysclk.o
 .debug_abbrev  0x0000253c      0x3a3 src/ASF/thirdparty/wireless/avr2025_mac/source/pal/common_sw_timer/common_sw_timer.o
 .debug_abbrev  0x000028df      0x1b6 src/ASF/thirdparty/wireless/avr2025_mac/source/pal/pal.o
 .debug_abbrev  0x00002a95      0x18e src/ASF/thirdparty/wireless/avr2025_mac/source/resources/buffer/src/bmm.o
 .debug_abbrev  0x00002c23      0x29d src/ASF/thirdparty/wireless/avr2025_mac/source/resources/queue/src/qmm.o
 .debug_abbrev  0x00002ec0      0x2ee src/ASF/thirdparty/wireless/avr2025_mac/source/tal/atmegarfr2/src/tal.o
 .debug_abbrev  0x000031ae      0x354 src/ASF/thirdparty/wireless/avr2025_mac/source/tal/atmegarfr2/src/tal_init.o
 .debug_abbrev  0x00003502      0x1ec src/ASF/thirdparty/wireless/avr2025_mac/source/tal/atmegarfr2/src/tal_irq_handler.o
 .debug_abbrev  0x000036ee      0x2b8 src/ASF/thirdparty/wireless/avr2025_mac/source/tal/atmegarfr2/src/tal_pib.o
 .debug_abbrev  0x000039a6      0x286 src/ASF/thirdparty/wireless/avr2025_mac/source/tal/atmegarfr2/src/tal_rx.o
 .debug_abbrev  0x00003c2c      0x14f src/ASF/thirdparty/wireless/avr2025_mac/source/tal/atmegarfr2/src/tal_rx_enable.o
 .debug_abbrev  0x00003d7b      0x2f7 src/ASF/thirdparty/wireless/avr2025_mac/source/tal/atmegarfr2/src/tal_tx.o
 .debug_abbrev  0x00004072      0x2d8 src/ASF/thirdparty/wireless/avr2025_mac/source/tal/src/tal_helper.o
 .debug_abbrev  0x0000434a      0x31e src/ASF/thirdparty/wireless/avr2025_mac/source/tfa/atmegarfr2/src/tfa.o
 .debug_abbrev  0x00004668      0x21b src/ASF/thirdparty/wireless/services/common_hw_timer/mega/hw_timer.o
 .debug_abbrev  0x00004883      0x1d3 src/ASF/thirdparty/wireless/services/mega/drivers/tc/tc_megarf.o
 .debug_abbrev  0x00004a56      0x219 src/main.o
 .debug_abbrev  0x00004c6f      0x117 ../src/ASF/thirdparty/wireless/services/common_hw_timer/mega/lib\libmegarfr2_lib_hw_timer.a(common_hw_timer.o)

.debug_line     0x00000000     0xf7bb
 *(.debug_line .debug_line.* .debug_line_end)
 .debug_line    0x00000000      0x272 C:/Program Files (x86)/Atmel/Studio/7.0/Packs/atmel/ATmega_DFP/1.7.374/gcc/dev/atmega256rfr2/avr6/crtatmega256rfr2.o
 .debug_line    0x00000272      0x507 src/ASF/common/services/serial/usart_serial.o
 .debug_line    0x00000779      0x32e src/ASF/common/utils/stdio/read.o
 .debug_line    0x00000aa7      0x335 src/ASF/common/utils/stdio/write.o
 .debug_line    0x00000ddc      0x768 src/ASF/mega/drivers/usart/usart_megarf.o
 .debug_line    0x00001544      0x8e0 src/ASF/thirdparty/wireless/addons/sio2host/uart/sio2host.o
 .debug_line    0x00001e24      0xb84 src/usr_wireless.o
 .debug_line    0x000029a8      0xb0e src/Wireless/wireless_api.o
 .debug_line    0x000034b6      0x6d8 src/ASF/common/boards/user_board/init.o
 .debug_line    0x00003b8e      0x4b0 src/ASF/common/services/clock/mega/sysclk.o
 .debug_line    0x0000403e      0xabd src/ASF/thirdparty/wireless/avr2025_mac/source/pal/common_sw_timer/common_sw_timer.o
 .debug_line    0x00004afb      0x8a6 src/ASF/thirdparty/wireless/avr2025_mac/source/pal/pal.o
 .debug_line    0x000053a1      0x9e4 src/ASF/thirdparty/wireless/avr2025_mac/source/resources/buffer/src/bmm.o
 .debug_line    0x00005d85      0xaf6 src/ASF/thirdparty/wireless/avr2025_mac/source/resources/queue/src/qmm.o
 .debug_line    0x0000687b      0xd38 src/ASF/thirdparty/wireless/avr2025_mac/source/tal/atmegarfr2/src/tal.o
 .debug_line    0x000075b3      0xd0b src/ASF/thirdparty/wireless/avr2025_mac/source/tal/atmegarfr2/src/tal_init.o
 .debug_line    0x000082be      0xc27 src/ASF/thirdparty/wireless/avr2025_mac/source/tal/atmegarfr2/src/tal_irq_handler.o
 .debug_line    0x00008ee5      0xedb src/ASF/thirdparty/wireless/avr2025_mac/source/tal/atmegarfr2/src/tal_pib.o
 .debug_line    0x00009dc0      0xaf5 src/ASF/thirdparty/wireless/avr2025_mac/source/tal/atmegarfr2/src/tal_rx.o
 .debug_line    0x0000a8b5      0xa03 src/ASF/thirdparty/wireless/avr2025_mac/source/tal/atmegarfr2/src/tal_rx_enable.o
 .debug_line    0x0000b2b8      0xbb3 src/ASF/thirdparty/wireless/avr2025_mac/source/tal/atmegarfr2/src/tal_tx.o
 .debug_line    0x0000be6b     0x103c src/ASF/thirdparty/wireless/avr2025_mac/source/tal/src/tal_helper.o
 .debug_line    0x0000cea7      0xe99 src/ASF/thirdparty/wireless/avr2025_mac/source/tfa/atmegarfr2/src/tfa.o
 .debug_line    0x0000dd40      0x642 src/ASF/thirdparty/wireless/services/common_hw_timer/mega/hw_timer.o
 .debug_line    0x0000e382      0x91c src/ASF/thirdparty/wireless/services/mega/drivers/tc/tc_megarf.o
 .debug_line    0x0000ec9e      0x9d8 src/main.o
 .debug_line    0x0000f676      0x145 ../src/ASF/thirdparty/wireless/services/common_hw_timer/mega/lib\libmegarfr2_lib_hw_timer.a(common_hw_timer.o)

.debug_frame    0x00000000     0x1b44
 *(.debug_frame)
 .debug_frame   0x00000000       0x74 src/ASF/common/services/serial/usart_serial.o
 .debug_frame   0x00000074       0x34 src/ASF/common/utils/stdio/read.o
 .debug_frame   0x000000a8       0x24 src/ASF/common/utils/stdio/write.o
 .debug_frame   0x000000cc      0x130 src/ASF/mega/drivers/usart/usart_megarf.o
 .debug_frame   0x000001fc      0x1a0 src/ASF/thirdparty/wireless/addons/sio2host/uart/sio2host.o
 .debug_frame   0x0000039c       0x80 src/usr_wireless.o
 .debug_frame   0x0000041c       0xe4 src/Wireless/wireless_api.o
 .debug_frame   0x00000500       0x34 src/ASF/common/boards/user_board/init.o
 .debug_frame   0x00000534       0x74 src/ASF/common/services/clock/mega/sysclk.o
 .debug_frame   0x000005a8      0x210 src/ASF/thirdparty/wireless/avr2025_mac/source/pal/common_sw_timer/common_sw_timer.o
 .debug_frame   0x000007b8       0xe0 src/ASF/thirdparty/wireless/avr2025_mac/source/pal/pal.o
 .debug_frame   0x00000898       0x50 src/ASF/thirdparty/wireless/avr2025_mac/source/resources/buffer/src/bmm.o
 .debug_frame   0x000008e8       0xd4 src/ASF/thirdparty/wireless/avr2025_mac/source/resources/queue/src/qmm.o
 .debug_frame   0x000009bc       0xa8 src/ASF/thirdparty/wireless/avr2025_mac/source/tal/atmegarfr2/src/tal.o
 .debug_frame   0x00000a64       0xf4 src/ASF/thirdparty/wireless/avr2025_mac/source/tal/atmegarfr2/src/tal_init.o
 .debug_frame   0x00000b58      0x348 src/ASF/thirdparty/wireless/avr2025_mac/source/tal/atmegarfr2/src/tal_irq_handler.o
 .debug_frame   0x00000ea0       0x98 src/ASF/thirdparty/wireless/avr2025_mac/source/tal/atmegarfr2/src/tal_pib.o
 .debug_frame   0x00000f38       0x78 src/ASF/thirdparty/wireless/avr2025_mac/source/tal/atmegarfr2/src/tal_rx.o
 .debug_frame   0x00000fb0       0x24 src/ASF/thirdparty/wireless/avr2025_mac/source/tal/atmegarfr2/src/tal_rx_enable.o
 .debug_frame   0x00000fd4       0x7c src/ASF/thirdparty/wireless/avr2025_mac/source/tal/atmegarfr2/src/tal_tx.o
 .debug_frame   0x00001050      0x19c src/ASF/thirdparty/wireless/avr2025_mac/source/tal/src/tal_helper.o
 .debug_frame   0x000011ec      0x13c src/ASF/thirdparty/wireless/avr2025_mac/source/tfa/atmegarfr2/src/tfa.o
 .debug_frame   0x00001328       0xe0 src/ASF/thirdparty/wireless/services/common_hw_timer/mega/hw_timer.o
 .debug_frame   0x00001408      0x624 src/ASF/thirdparty/wireless/services/mega/drivers/tc/tc_megarf.o
 .debug_frame   0x00001a2c       0x50 src/main.o
 .debug_frame   0x00001a7c       0xc8 ../src/ASF/thirdparty/wireless/services/common_hw_timer/mega/lib\libmegarfr2_lib_hw_timer.a(common_hw_timer.o)

.debug_str      0x00000000    0x20651
 *(.debug_str)
 .debug_str     0x00000000      0x7f7 C:/Program Files (x86)/Atmel/Studio/7.0/Packs/atmel/ATmega_DFP/1.7.374/gcc/dev/atmega256rfr2/avr6/crtatmega256rfr2.o
 .debug_str     0x000007f7    0x170db src/ASF/common/services/serial/usart_serial.o
                              0x17347 (size before relaxing)
 .debug_str     0x000178d2       0x38 src/ASF/common/utils/stdio/read.o
                              0x15dcc (size before relaxing)
 .debug_str     0x0001790a       0x2e src/ASF/common/utils/stdio/write.o
                              0x15dce (size before relaxing)
 .debug_str     0x00017938      0x67a src/ASF/mega/drivers/usart/usart_megarf.o
                              0x17954 (size before relaxing)
 .debug_str     0x00017fb2      0xb29 src/ASF/thirdparty/wireless/addons/sio2host/uart/sio2host.o
                              0x1817e (size before relaxing)
 .debug_str     0x00018adb     0x47d0 src/usr_wireless.o
                              0x1c404 (size before relaxing)
 .debug_str     0x0001d2ab      0x3bc src/Wireless/wireless_api.o
                              0x1c56b (size before relaxing)
 .debug_str     0x0001d667       0x4d src/ASF/common/boards/user_board/init.o
                              0x17ca4 (size before relaxing)
 .debug_str     0x0001d6b4       0x89 src/ASF/common/services/clock/mega/sysclk.o
                              0x16c39 (size before relaxing)
 .debug_str     0x0001d73d      0x46e src/ASF/thirdparty/wireless/avr2025_mac/source/pal/common_sw_timer/common_sw_timer.o
                              0x16f69 (size before relaxing)
 .debug_str     0x0001dbab      0x14d src/ASF/thirdparty/wireless/avr2025_mac/source/pal/pal.o
                              0x187bd (size before relaxing)
 .debug_str     0x0001dcf8      0x26a src/ASF/thirdparty/wireless/avr2025_mac/source/resources/buffer/src/bmm.o
                              0x1b9a0 (size before relaxing)
 .debug_str     0x0001df62      0x10e src/ASF/thirdparty/wireless/avr2025_mac/source/resources/queue/src/qmm.o
                              0x1b44e (size before relaxing)
 .debug_str     0x0001e070      0xe30 src/ASF/thirdparty/wireless/avr2025_mac/source/tal/atmegarfr2/src/tal.o
                              0x1c8a6 (size before relaxing)
 .debug_str     0x0001eea0      0x32e src/ASF/thirdparty/wireless/avr2025_mac/source/tal/atmegarfr2/src/tal_init.o
                              0x1cccf (size before relaxing)
 .debug_str     0x0001f1ce      0x33f src/ASF/thirdparty/wireless/avr2025_mac/source/tal/atmegarfr2/src/tal_irq_handler.o
                              0x1c5df (size before relaxing)
 .debug_str     0x0001f50d      0x14d src/ASF/thirdparty/wireless/avr2025_mac/source/tal/atmegarfr2/src/tal_pib.o
                              0x1c98d (size before relaxing)
 .debug_str     0x0001f65a      0x17a src/ASF/thirdparty/wireless/avr2025_mac/source/tal/atmegarfr2/src/tal_rx.o
                              0x1c7e9 (size before relaxing)
 .debug_str     0x0001f7d4       0x55 src/ASF/thirdparty/wireless/avr2025_mac/source/tal/atmegarfr2/src/tal_rx_enable.o
                              0x1c7a7 (size before relaxing)
 .debug_str     0x0001f829       0xc3 src/ASF/thirdparty/wireless/avr2025_mac/source/tal/atmegarfr2/src/tal_tx.o
                              0x1cc4d (size before relaxing)
 .debug_str     0x0001f8ec      0x2c3 src/ASF/thirdparty/wireless/avr2025_mac/source/tal/src/tal_helper.o
                              0x1c8c7 (size before relaxing)
 .debug_str     0x0001fbaf      0x24c src/ASF/thirdparty/wireless/avr2025_mac/source/tfa/atmegarfr2/src/tfa.o
                              0x1cc95 (size before relaxing)
 .debug_str     0x0001fdfb      0x40a src/ASF/thirdparty/wireless/services/common_hw_timer/mega/hw_timer.o
                              0x17090 (size before relaxing)
 .debug_str     0x00020205      0x2f1 src/ASF/thirdparty/wireless/services/mega/drivers/tc/tc_megarf.o
                              0x16fa6 (size before relaxing)
 .debug_str     0x000204f6       0x20 src/main.o
                              0x1c0b2 (size before relaxing)
 .debug_str     0x00020516      0x13b ../src/ASF/thirdparty/wireless/services/common_hw_timer/mega/lib\libmegarfr2_lib_hw_timer.a(common_hw_timer.o)
                                0x2a0 (size before relaxing)

.debug_loc      0x00000000     0x78dc
 *(.debug_loc)
 .debug_loc     0x00000000      0x273 src/ASF/common/services/serial/usart_serial.o
 .debug_loc     0x00000273       0x6e src/ASF/common/utils/stdio/read.o
 .debug_loc     0x000002e1       0x52 src/ASF/common/utils/stdio/write.o
 .debug_loc     0x00000333      0xbfe src/ASF/mega/drivers/usart/usart_megarf.o
 .debug_loc     0x00000f31      0x50d src/ASF/thirdparty/wireless/addons/sio2host/uart/sio2host.o
 .debug_loc     0x0000143e      0x354 src/usr_wireless.o
 .debug_loc     0x00001792      0x58f src/Wireless/wireless_api.o
 .debug_loc     0x00001d21       0xa3 src/ASF/common/boards/user_board/init.o
 .debug_loc     0x00001dc4      0x1f2 src/ASF/common/services/clock/mega/sysclk.o
 .debug_loc     0x00001fb6      0xe18 src/ASF/thirdparty/wireless/avr2025_mac/source/pal/common_sw_timer/common_sw_timer.o
 .debug_loc     0x00002dce      0x2c3 src/ASF/thirdparty/wireless/avr2025_mac/source/pal/pal.o
 .debug_loc     0x00003091       0xe2 src/ASF/thirdparty/wireless/avr2025_mac/source/resources/buffer/src/bmm.o
 .debug_loc     0x00003173      0x479 src/ASF/thirdparty/wireless/avr2025_mac/source/resources/queue/src/qmm.o
 .debug_loc     0x000035ec      0x221 src/ASF/thirdparty/wireless/avr2025_mac/source/tal/atmegarfr2/src/tal.o
 .debug_loc     0x0000380d      0x432 src/ASF/thirdparty/wireless/avr2025_mac/source/tal/atmegarfr2/src/tal_init.o
 .debug_loc     0x00003c3f      0x5db src/ASF/thirdparty/wireless/avr2025_mac/source/tal/atmegarfr2/src/tal_irq_handler.o
 .debug_loc     0x0000421a      0x7dd src/ASF/thirdparty/wireless/avr2025_mac/source/tal/atmegarfr2/src/tal_pib.o
 .debug_loc     0x000049f7      0x2f4 src/ASF/thirdparty/wireless/avr2025_mac/source/tal/atmegarfr2/src/tal_rx.o
 .debug_loc     0x00004ceb       0x53 src/ASF/thirdparty/wireless/avr2025_mac/source/tal/atmegarfr2/src/tal_rx_enable.o
 .debug_loc     0x00004d3e      0x1d7 src/ASF/thirdparty/wireless/avr2025_mac/source/tal/atmegarfr2/src/tal_tx.o
 .debug_loc     0x00004f15      0xbc0 src/ASF/thirdparty/wireless/avr2025_mac/source/tal/src/tal_helper.o
 .debug_loc     0x00005ad5      0x6e7 src/ASF/thirdparty/wireless/avr2025_mac/source/tfa/atmegarfr2/src/tfa.o
 .debug_loc     0x000061bc      0x1ec src/ASF/thirdparty/wireless/services/common_hw_timer/mega/hw_timer.o
 .debug_loc     0x000063a8     0x131a src/ASF/thirdparty/wireless/services/mega/drivers/tc/tc_megarf.o
 .debug_loc     0x000076c2       0xac src/main.o
 .debug_loc     0x0000776e      0x16e ../src/ASF/thirdparty/wireless/services/common_hw_timer/mega/lib\libmegarfr2_lib_hw_timer.a(common_hw_timer.o)

.debug_macinfo
 *(.debug_macinfo)

.debug_weaknames
 *(.debug_weaknames)

.debug_funcnames
 *(.debug_funcnames)

.debug_typenames
 *(.debug_typenames)

.debug_varnames
 *(.debug_varnames)

.debug_pubtypes
 *(.debug_pubtypes)

.debug_ranges   0x00000000      0x7c0
 *(.debug_ranges)
 .debug_ranges  0x00000000       0x18 src/ASF/common/services/serial/usart_serial.o
 .debug_ranges  0x00000018       0x10 src/ASF/common/utils/stdio/read.o
 .debug_ranges  0x00000028       0x10 src/ASF/common/utils/stdio/write.o
 .debug_ranges  0x00000038       0x78 src/ASF/mega/drivers/usart/usart_megarf.o
 .debug_ranges  0x000000b0       0x68 src/ASF/thirdparty/wireless/addons/sio2host/uart/sio2host.o
 .debug_ranges  0x00000118       0x68 src/usr_wireless.o
 .debug_ranges  0x00000180       0x30 src/Wireless/wireless_api.o
 .debug_ranges  0x000001b0       0x18 src/ASF/common/boards/user_board/init.o
 .debug_ranges  0x000001c8       0x20 src/ASF/common/services/clock/mega/sysclk.o
 .debug_ranges  0x000001e8       0xe0 src/ASF/thirdparty/wireless/avr2025_mac/source/pal/common_sw_timer/common_sw_timer.o
 .debug_ranges  0x000002c8       0x58 src/ASF/thirdparty/wireless/avr2025_mac/source/pal/pal.o
 .debug_ranges  0x00000320       0x20 src/ASF/thirdparty/wireless/avr2025_mac/source/resources/buffer/src/bmm.o
 .debug_ranges  0x00000340       0x50 src/ASF/thirdparty/wireless/avr2025_mac/source/resources/queue/src/qmm.o
 .debug_ranges  0x00000390       0x38 src/ASF/thirdparty/wireless/avr2025_mac/source/tal/atmegarfr2/src/tal.o
 .debug_ranges  0x000003c8       0x30 src/ASF/thirdparty/wireless/avr2025_mac/source/tal/atmegarfr2/src/tal_init.o
 .debug_ranges  0x000003f8       0xb8 src/ASF/thirdparty/wireless/avr2025_mac/source/tal/atmegarfr2/src/tal_irq_handler.o
 .debug_ranges  0x000004b0       0x88 src/ASF/thirdparty/wireless/avr2025_mac/source/tal/atmegarfr2/src/tal_pib.o
 .debug_ranges  0x00000538       0x20 src/ASF/thirdparty/wireless/avr2025_mac/source/tal/atmegarfr2/src/tal_rx.o
 .debug_ranges  0x00000558       0x10 src/ASF/thirdparty/wireless/avr2025_mac/source/tal/atmegarfr2/src/tal_rx_enable.o
 .debug_ranges  0x00000568       0x30 src/ASF/thirdparty/wireless/avr2025_mac/source/tal/atmegarfr2/src/tal_tx.o
 .debug_ranges  0x00000598       0x90 src/ASF/thirdparty/wireless/avr2025_mac/source/tal/src/tal_helper.o
 .debug_ranges  0x00000628       0x60 src/ASF/thirdparty/wireless/avr2025_mac/source/tfa/atmegarfr2/src/tfa.o
 .debug_ranges  0x00000688       0x60 src/ASF/thirdparty/wireless/services/common_hw_timer/mega/hw_timer.o
 .debug_ranges  0x000006e8       0xb8 src/ASF/thirdparty/wireless/services/mega/drivers/tc/tc_megarf.o
 .debug_ranges  0x000007a0       0x20 src/main.o

.debug_macro    0x00000000     0xc038
 *(.debug_macro)
 .debug_macro   0x00000000      0x18b src/ASF/common/services/serial/usart_serial.o
 .debug_macro   0x0000018b      0xa9c src/ASF/common/services/serial/usart_serial.o
 .debug_macro   0x00000c27      0x71d src/ASF/common/services/serial/usart_serial.o
 .debug_macro   0x00001344       0x10 src/ASF/common/services/serial/usart_serial.o
 .debug_macro   0x00001354      0x1c9 src/ASF/common/services/serial/usart_serial.o
 .debug_macro   0x0000151d      0x2fc src/ASF/common/services/serial/usart_serial.o
 .debug_macro   0x00001819       0x9e src/ASF/common/services/serial/usart_serial.o
 .debug_macro   0x000018b7     0x37da src/ASF/common/services/serial/usart_serial.o
 .debug_macro   0x00005091      0x219 src/ASF/common/services/serial/usart_serial.o
 .debug_macro   0x000052aa       0xd9 src/ASF/common/services/serial/usart_serial.o
 .debug_macro   0x00005383       0x34 src/ASF/common/services/serial/usart_serial.o
 .debug_macro   0x000053b7       0x18 src/ASF/common/services/serial/usart_serial.o
 .debug_macro   0x000053cf       0x6c src/ASF/common/services/serial/usart_serial.o
 .debug_macro   0x0000543b       0x22 src/ASF/common/services/serial/usart_serial.o
 .debug_macro   0x0000545d      0x16d src/ASF/common/services/serial/usart_serial.o
 .debug_macro   0x000055ca       0x1c src/ASF/common/services/serial/usart_serial.o
 .debug_macro   0x000055e6       0x35 src/ASF/common/services/serial/usart_serial.o
 .debug_macro   0x0000561b       0x66 src/ASF/common/services/serial/usart_serial.o
 .debug_macro   0x00005681       0x43 src/ASF/common/services/serial/usart_serial.o
 .debug_macro   0x000056c4       0x69 src/ASF/common/services/serial/usart_serial.o
 .debug_macro   0x0000572d       0x31 src/ASF/common/services/serial/usart_serial.o
 .debug_macro   0x0000575e       0x10 src/ASF/common/services/serial/usart_serial.o
 .debug_macro   0x0000576e      0x175 src/ASF/common/services/serial/usart_serial.o
 .debug_macro   0x000058e3       0x40 src/ASF/common/services/serial/usart_serial.o
 .debug_macro   0x00005923      0x100 src/ASF/common/services/serial/usart_serial.o
 .debug_macro   0x00005a23       0x3a src/ASF/common/services/serial/usart_serial.o
 .debug_macro   0x00005a5d      0x2df src/ASF/common/services/serial/usart_serial.o
 .debug_macro   0x00005d3c       0x3a src/ASF/common/services/serial/usart_serial.o
 .debug_macro   0x00005d76       0xc9 src/ASF/common/services/serial/usart_serial.o
 .debug_macro   0x00005e3f      0x1ca src/ASF/common/services/serial/usart_serial.o
 .debug_macro   0x00006009      0x11b src/ASF/common/utils/stdio/read.o
 .debug_macro   0x00006124      0x11b src/ASF/common/utils/stdio/write.o
 .debug_macro   0x0000623f      0x180 src/ASF/mega/drivers/usart/usart_megarf.o
 .debug_macro   0x000063bf      0x302 src/ASF/mega/drivers/usart/usart_megarf.o
 .debug_macro   0x000066c1      0x1c4 src/ASF/mega/drivers/usart/usart_megarf.o
 .debug_macro   0x00006885       0x6e src/ASF/mega/drivers/usart/usart_megarf.o
 .debug_macro   0x000068f3      0x21a src/ASF/thirdparty/wireless/addons/sio2host/uart/sio2host.o
 .debug_macro   0x00006b0d       0x22 src/ASF/thirdparty/wireless/addons/sio2host/uart/sio2host.o
 .debug_macro   0x00006b2f       0x28 src/ASF/thirdparty/wireless/addons/sio2host/uart/sio2host.o
 .debug_macro   0x00006b57       0x22 src/ASF/thirdparty/wireless/addons/sio2host/uart/sio2host.o
 .debug_macro   0x00006b79       0x58 src/ASF/thirdparty/wireless/addons/sio2host/uart/sio2host.o
 .debug_macro   0x00006bd1       0x10 src/ASF/thirdparty/wireless/addons/sio2host/uart/sio2host.o
 .debug_macro   0x00006be1       0xf2 src/ASF/thirdparty/wireless/addons/sio2host/uart/sio2host.o
 .debug_macro   0x00006cd3       0x16 src/ASF/thirdparty/wireless/addons/sio2host/uart/sio2host.o
 .debug_macro   0x00006ce9       0x3a src/ASF/thirdparty/wireless/addons/sio2host/uart/sio2host.o
 .debug_macro   0x00006d23      0x327 src/usr_wireless.o
 .debug_macro   0x0000704a       0x1c src/usr_wireless.o
 .debug_macro   0x00007066       0x16 src/usr_wireless.o
 .debug_macro   0x0000707c       0x3a src/usr_wireless.o
 .debug_macro   0x000070b6       0x78 src/usr_wireless.o
 .debug_macro   0x0000712e       0x46 src/usr_wireless.o
 .debug_macro   0x00007174      0x7e3 src/usr_wireless.o
 .debug_macro   0x00007957       0x28 src/usr_wireless.o
 .debug_macro   0x0000797f       0x22 src/usr_wireless.o
 .debug_macro   0x000079a1       0x10 src/usr_wireless.o
 .debug_macro   0x000079b1      0x461 src/usr_wireless.o
 .debug_macro   0x00007e12       0x30 src/usr_wireless.o
 .debug_macro   0x00007e42       0x10 src/usr_wireless.o
 .debug_macro   0x00007e52       0x27 src/usr_wireless.o
 .debug_macro   0x00007e79       0x99 src/usr_wireless.o
 .debug_macro   0x00007f12       0x9e src/usr_wireless.o
 .debug_macro   0x00007fb0       0x16 src/usr_wireless.o
 .debug_macro   0x00007fc6       0xa0 src/usr_wireless.o
 .debug_macro   0x00008066       0x6a src/usr_wireless.o
 .debug_macro   0x000080d0      0x31d src/Wireless/wireless_api.o
 .debug_macro   0x000083ed      0x211 src/ASF/common/boards/user_board/init.o
 .debug_macro   0x000085fe      0x15a src/ASF/common/services/clock/mega/sysclk.o
 .debug_macro   0x00008758      0x173 src/ASF/thirdparty/wireless/avr2025_mac/source/pal/common_sw_timer/common_sw_timer.o
 .debug_macro   0x000088cb       0x10 src/ASF/thirdparty/wireless/avr2025_mac/source/pal/common_sw_timer/common_sw_timer.o
 .debug_macro   0x000088db      0x24e src/ASF/thirdparty/wireless/avr2025_mac/source/pal/pal.o
 .debug_macro   0x00008b29       0x28 src/ASF/thirdparty/wireless/avr2025_mac/source/pal/pal.o
 .debug_macro   0x00008b51       0xcf src/ASF/thirdparty/wireless/avr2025_mac/source/pal/pal.o
 .debug_macro   0x00008c20      0x2cd src/ASF/thirdparty/wireless/avr2025_mac/source/resources/buffer/src/bmm.o
 .debug_macro   0x00008eed      0x10e src/ASF/thirdparty/wireless/avr2025_mac/source/resources/buffer/src/bmm.o
 .debug_macro   0x00008ffb       0x86 src/ASF/thirdparty/wireless/avr2025_mac/source/resources/buffer/src/bmm.o
 .debug_macro   0x00009081       0x34 src/ASF/thirdparty/wireless/avr2025_mac/source/resources/buffer/src/bmm.o
 .debug_macro   0x000090b5      0x2ab src/ASF/thirdparty/wireless/avr2025_mac/source/resources/queue/src/qmm.o
 .debug_macro   0x00009360      0x7e9 src/ASF/thirdparty/wireless/avr2025_mac/source/resources/queue/src/qmm.o
 .debug_macro   0x00009b49       0x2e src/ASF/thirdparty/wireless/avr2025_mac/source/resources/queue/src/qmm.o
 .debug_macro   0x00009b77      0x311 src/ASF/thirdparty/wireless/avr2025_mac/source/tal/atmegarfr2/src/tal.o
 .debug_macro   0x00009e88       0x16 src/ASF/thirdparty/wireless/avr2025_mac/source/tal/atmegarfr2/src/tal.o
 .debug_macro   0x00009e9e       0x22 src/ASF/thirdparty/wireless/avr2025_mac/source/tal/atmegarfr2/src/tal.o
 .debug_macro   0x00009ec0       0x82 src/ASF/thirdparty/wireless/avr2025_mac/source/tal/atmegarfr2/src/tal.o
 .debug_macro   0x00009f42      0x14c src/ASF/thirdparty/wireless/avr2025_mac/source/tal/atmegarfr2/src/tal.o
 .debug_macro   0x0000a08e      0x318 src/ASF/thirdparty/wireless/avr2025_mac/source/tal/atmegarfr2/src/tal_init.o
 .debug_macro   0x0000a3a6       0x1c src/ASF/thirdparty/wireless/avr2025_mac/source/tal/atmegarfr2/src/tal_init.o
 .debug_macro   0x0000a3c2      0x319 src/ASF/thirdparty/wireless/avr2025_mac/source/tal/atmegarfr2/src/tal_irq_handler.o
 .debug_macro   0x0000a6db      0x301 src/ASF/thirdparty/wireless/avr2025_mac/source/tal/atmegarfr2/src/tal_pib.o
 .debug_macro   0x0000a9dc       0x16 src/ASF/thirdparty/wireless/avr2025_mac/source/tal/atmegarfr2/src/tal_pib.o
 .debug_macro   0x0000a9f2       0x5a src/ASF/thirdparty/wireless/avr2025_mac/source/tal/atmegarfr2/src/tal_pib.o
 .debug_macro   0x0000aa4c      0x338 src/ASF/thirdparty/wireless/avr2025_mac/source/tal/atmegarfr2/src/tal_rx.o
 .debug_macro   0x0000ad84      0x30b src/ASF/thirdparty/wireless/avr2025_mac/source/tal/atmegarfr2/src/tal_rx_enable.o
 .debug_macro   0x0000b08f      0x31e src/ASF/thirdparty/wireless/avr2025_mac/source/tal/atmegarfr2/src/tal_tx.o
 .debug_macro   0x0000b3ad      0x2dc src/ASF/thirdparty/wireless/avr2025_mac/source/tal/src/tal_helper.o
 .debug_macro   0x0000b689      0x30f src/ASF/thirdparty/wireless/avr2025_mac/source/tfa/atmegarfr2/src/tfa.o
 .debug_macro   0x0000b998       0x97 src/ASF/thirdparty/wireless/avr2025_mac/source/tfa/atmegarfr2/src/tfa.o
 .debug_macro   0x0000ba2f      0x18f src/ASF/thirdparty/wireless/services/common_hw_timer/mega/hw_timer.o
 .debug_macro   0x0000bbbe       0x10 src/ASF/thirdparty/wireless/services/common_hw_timer/mega/hw_timer.o
 .debug_macro   0x0000bbce      0x167 src/ASF/thirdparty/wireless/services/mega/drivers/tc/tc_megarf.o
 .debug_macro   0x0000bd35      0x303 src/main.o
OUTPUT(NODO_CONTROLADOR_RECEPTOR.elf elf32-avr)
LOAD linker stubs
